Archive member included to satisfy reference by file (symbol)

c:/st/stm32cubeide_1.1.0/stm32cubeide/plugins/com.st.stm32cube.ide.mcu.externaltools.gnu-tools-for-stm32.7-2018-q2-update.win32_1.5.0.202011040924/tools/bin/../lib/gcc/arm-none-eabi/7.3.1/../../../../arm-none-eabi/lib/thumb/v7e-m/fpv4-sp/hard\libc_nano.a(lib_a-errno.o)
                              Core/Src/syscalls.o (__errno)
c:/st/stm32cubeide_1.1.0/stm32cubeide/plugins/com.st.stm32cube.ide.mcu.externaltools.gnu-tools-for-stm32.7-2018-q2-update.win32_1.5.0.202011040924/tools/bin/../lib/gcc/arm-none-eabi/7.3.1/../../../../arm-none-eabi/lib/thumb/v7e-m/fpv4-sp/hard\libc_nano.a(lib_a-exit.o)
                              c:/st/stm32cubeide_1.1.0/stm32cubeide/plugins/com.st.stm32cube.ide.mcu.externaltools.gnu-tools-for-stm32.7-2018-q2-update.win32_1.5.0.202011040924/tools/bin/../lib/gcc/arm-none-eabi/7.3.1/../../../../arm-none-eabi/lib/thumb/v7e-m/fpv4-sp/hard/crt0.o (exit)
c:/st/stm32cubeide_1.1.0/stm32cubeide/plugins/com.st.stm32cube.ide.mcu.externaltools.gnu-tools-for-stm32.7-2018-q2-update.win32_1.5.0.202011040924/tools/bin/../lib/gcc/arm-none-eabi/7.3.1/../../../../arm-none-eabi/lib/thumb/v7e-m/fpv4-sp/hard\libc_nano.a(lib_a-impure.o)
                              c:/st/stm32cubeide_1.1.0/stm32cubeide/plugins/com.st.stm32cube.ide.mcu.externaltools.gnu-tools-for-stm32.7-2018-q2-update.win32_1.5.0.202011040924/tools/bin/../lib/gcc/arm-none-eabi/7.3.1/../../../../arm-none-eabi/lib/thumb/v7e-m/fpv4-sp/hard\libc_nano.a(lib_a-exit.o) (_global_impure_ptr)
c:/st/stm32cubeide_1.1.0/stm32cubeide/plugins/com.st.stm32cube.ide.mcu.externaltools.gnu-tools-for-stm32.7-2018-q2-update.win32_1.5.0.202011040924/tools/bin/../lib/gcc/arm-none-eabi/7.3.1/../../../../arm-none-eabi/lib/thumb/v7e-m/fpv4-sp/hard\libc_nano.a(lib_a-init.o)
                              c:/st/stm32cubeide_1.1.0/stm32cubeide/plugins/com.st.stm32cube.ide.mcu.externaltools.gnu-tools-for-stm32.7-2018-q2-update.win32_1.5.0.202011040924/tools/bin/../lib/gcc/arm-none-eabi/7.3.1/../../../../arm-none-eabi/lib/thumb/v7e-m/fpv4-sp/hard/crt0.o (__libc_init_array)
c:/st/stm32cubeide_1.1.0/stm32cubeide/plugins/com.st.stm32cube.ide.mcu.externaltools.gnu-tools-for-stm32.7-2018-q2-update.win32_1.5.0.202011040924/tools/bin/../lib/gcc/arm-none-eabi/7.3.1/../../../../arm-none-eabi/lib/thumb/v7e-m/fpv4-sp/hard\libc_nano.a(lib_a-malloc.o)
                              Core/Src/dotstar.o (malloc)
c:/st/stm32cubeide_1.1.0/stm32cubeide/plugins/com.st.stm32cube.ide.mcu.externaltools.gnu-tools-for-stm32.7-2018-q2-update.win32_1.5.0.202011040924/tools/bin/../lib/gcc/arm-none-eabi/7.3.1/../../../../arm-none-eabi/lib/thumb/v7e-m/fpv4-sp/hard\libc_nano.a(lib_a-memset.o)
                              c:/st/stm32cubeide_1.1.0/stm32cubeide/plugins/com.st.stm32cube.ide.mcu.externaltools.gnu-tools-for-stm32.7-2018-q2-update.win32_1.5.0.202011040924/tools/bin/../lib/gcc/arm-none-eabi/7.3.1/../../../../arm-none-eabi/lib/thumb/v7e-m/fpv4-sp/hard/crt0.o (memset)
c:/st/stm32cubeide_1.1.0/stm32cubeide/plugins/com.st.stm32cube.ide.mcu.externaltools.gnu-tools-for-stm32.7-2018-q2-update.win32_1.5.0.202011040924/tools/bin/../lib/gcc/arm-none-eabi/7.3.1/../../../../arm-none-eabi/lib/thumb/v7e-m/fpv4-sp/hard\libc_nano.a(lib_a-nano-freer.o)
                              c:/st/stm32cubeide_1.1.0/stm32cubeide/plugins/com.st.stm32cube.ide.mcu.externaltools.gnu-tools-for-stm32.7-2018-q2-update.win32_1.5.0.202011040924/tools/bin/../lib/gcc/arm-none-eabi/7.3.1/../../../../arm-none-eabi/lib/thumb/v7e-m/fpv4-sp/hard\libc_nano.a(lib_a-malloc.o) (_free_r)
c:/st/stm32cubeide_1.1.0/stm32cubeide/plugins/com.st.stm32cube.ide.mcu.externaltools.gnu-tools-for-stm32.7-2018-q2-update.win32_1.5.0.202011040924/tools/bin/../lib/gcc/arm-none-eabi/7.3.1/../../../../arm-none-eabi/lib/thumb/v7e-m/fpv4-sp/hard\libc_nano.a(lib_a-nano-mallocr.o)
                              c:/st/stm32cubeide_1.1.0/stm32cubeide/plugins/com.st.stm32cube.ide.mcu.externaltools.gnu-tools-for-stm32.7-2018-q2-update.win32_1.5.0.202011040924/tools/bin/../lib/gcc/arm-none-eabi/7.3.1/../../../../arm-none-eabi/lib/thumb/v7e-m/fpv4-sp/hard\libc_nano.a(lib_a-malloc.o) (_malloc_r)
c:/st/stm32cubeide_1.1.0/stm32cubeide/plugins/com.st.stm32cube.ide.mcu.externaltools.gnu-tools-for-stm32.7-2018-q2-update.win32_1.5.0.202011040924/tools/bin/../lib/gcc/arm-none-eabi/7.3.1/../../../../arm-none-eabi/lib/thumb/v7e-m/fpv4-sp/hard\libc_nano.a(lib_a-nano-vfprintf_float.o)
                              (_printf_float)
c:/st/stm32cubeide_1.1.0/stm32cubeide/plugins/com.st.stm32cube.ide.mcu.externaltools.gnu-tools-for-stm32.7-2018-q2-update.win32_1.5.0.202011040924/tools/bin/../lib/gcc/arm-none-eabi/7.3.1/../../../../arm-none-eabi/lib/thumb/v7e-m/fpv4-sp/hard\libc_nano.a(lib_a-nano-vfprintf_i.o)
[...]
Memory Configuration

Name             Origin             Length             Attributes
FLASH            0x0000000008000000 0x0000000000080000 xr
RAM1             0x0000000020000004 0x000000000002fffc xrw
RAM_SHARED       0x0000000020030000 0x0000000000002800 xrw
*default*        0x0000000000000000 0xffffffffffffffff

Linker script and memory map

LOAD c:/st/stm32cubeide_1.1.0/stm32cubeide/plugins/com.st.stm32cube.ide.mcu.externaltools.gnu-tools-for-stm32.7-2018-q2-update.win32_1.5.0.202011040924/tools/bin/../lib/gcc/arm-none-eabi/7.3.1/thumb/v7e-m/fpv4-sp/hard/crti.o
LOAD c:/st/stm32cubeide_1.1.0/stm32cubeide/plugins/com.st.stm32cube.ide.mcu.externaltools.gnu-tools-for-stm32.7-2018-q2-update.win32_1.5.0.202011040924/tools/bin/../lib/gcc/arm-none-eabi/7.3.1/thumb/v7e-m/fpv4-sp/hard/crtbegin.o
LOAD c:/st/stm32cubeide_1.1.0/stm32cubeide/plugins/com.st.stm32cube.ide.mcu.externaltools.gnu-tools-for-stm32.7-2018-q2-update.win32_1.5.0.202011040924/tools/bin/../lib/gcc/arm-none-eabi/7.3.1/../../../../arm-none-eabi/lib/thumb/v7e-m/fpv4-sp/hard/crt0.o
LOAD Core/Src/dotstar.o
LOAD Core/Src/er_oled.o
LOAD Core/Src/main.o
LOAD Core/Src/si7021.o
LOAD Core/Src/stm32wbxx_hal_msp.o
LOAD Core/Src/stm32wbxx_it.o
LOAD Core/Src/syscalls.o
LOAD Core/Src/sysmem.o
LOAD Core/Src/system_stm32wbxx.o
LOAD Core/Startup/startup_stm32wb55ceux.o
LOAD Drivers/STM32WBxx_HAL_Driver/Src/stm32wbxx_hal.o
LOAD Drivers/STM32WBxx_HAL_Driver/Src/stm32wbxx_hal_cortex.o
LOAD Drivers/STM32WBxx_HAL_Driver/Src/stm32wbxx_hal_dma.o
LOAD Drivers/STM32WBxx_HAL_Driver/Src/stm32wbxx_hal_dma_ex.o
LOAD Drivers/STM32WBxx_HAL_Driver/Src/stm32wbxx_hal_exti.o
LOAD Drivers/STM32WBxx_HAL_Driver/Src/stm32wbxx_hal_flash.o
LOAD Drivers/STM32WBxx_HAL_Driver/Src/stm32wbxx_hal_flash_ex.o
LOAD Drivers/STM32WBxx_HAL_Driver/Src/stm32wbxx_hal_gpio.o
LOAD Drivers/STM32WBxx_HAL_Driver/Src/stm32wbxx_hal_hsem.o
LOAD Drivers/STM32WBxx_HAL_Driver/Src/stm32wbxx_hal_i2c.o
LOAD Drivers/STM32WBxx_HAL_Driver/Src/stm32wbxx_hal_i2c_ex.o
LOAD Drivers/STM32WBxx_HAL_Driver/Src/stm32wbxx_hal_pwr.o
LOAD Drivers/STM32WBxx_HAL_Driver/Src/stm32wbxx_hal_pwr_ex.o
LOAD Drivers/STM32WBxx_HAL_Driver/Src/stm32wbxx_hal_rcc.o
LOAD Drivers/STM32WBxx_HAL_Driver/Src/stm32wbxx_hal_rcc_ex.o
LOAD Drivers/STM32WBxx_HAL_Driver/Src/stm32wbxx_hal_spi.o
LOAD Drivers/STM32WBxx_HAL_Driver/Src/stm32wbxx_hal_spi_ex.o
LOAD Drivers/STM32WBxx_HAL_Driver/Src/stm32wbxx_hal_tim.o
LOAD Drivers/STM32WBxx_HAL_Driver/Src/stm32wbxx_hal_tim_ex.o
START GROUP
LOAD c:/st/stm32cubeide_1.1.0/stm32cubeide/plugins/com.st.stm32cube.ide.mcu.externaltools.gnu-tools-for-stm32.7-2018-q2-update.win32_1.5.0.202011040924/tools/bin/../lib/gcc/arm-none-eabi/7.3.1/../../../../arm-none-eabi/lib/thumb/v7e-m/fpv4-sp/hard\libc_nano.a
LOAD c:/st/stm32cubeide_1.1.0/stm32cubeide/plugins/com.st.stm32cube.ide.mcu.externaltools.gnu-tools-for-stm32.7-2018-q2-update.win32_1.5.0.202011040924/tools/bin/../lib/gcc/arm-none-eabi/7.3.1/../../../../arm-none-eabi/lib/thumb/v7e-m/fpv4-sp/hard\libm.a
END GROUP
START GROUP
LOAD c:/st/stm32cubeide_1.1.0/stm32cubeide/plugins/com.st.stm32cube.ide.mcu.externaltools.gnu-tools-for-stm32.7-2018-q2-update.win32_1.5.0.202011040924/tools/bin/../lib/gcc/arm-none-eabi/7.3.1/thumb/v7e-m/fpv4-sp/hard\libgcc.a
LOAD c:/st/stm32cubeide_1.1.0/stm32cubeide/plugins/com.st.stm32cube.ide.mcu.externaltools.gnu-tools-for-stm32.7-2018-q2-update.win32_1.5.0.202011040924/tools/bin/../lib/gcc/arm-none-eabi/7.3.1/../../../../arm-none-eabi/lib/thumb/v7e-m/fpv4-sp/hard\libc_nano.a
END GROUP
START GROUP
LOAD c:/st/stm32cubeide_1.1.0/stm32cubeide/plugins/com.st.stm32cube.ide.mcu.externaltools.gnu-tools-for-stm32.7-2018-q2-update.win32_1.5.0.202011040924/tools/bin/../lib/gcc/arm-none-eabi/7.3.1/thumb/v7e-m/fpv4-sp/hard\libgcc.a
LOAD c:/st/stm32cubeide_1.1.0/stm32cubeide/plugins/com.st.stm32cube.ide.mcu.externaltools.gnu-tools-for-stm32.7-2018-q2-update.win32_1.5.0.202011040924/tools/bin/../lib/gcc/arm-none-eabi/7.3.1/../../../../arm-none-eabi/lib/thumb/v7e-m/fpv4-sp/hard\libc_nano.a
LOAD c:/st/stm32cubeide_1.1.0/stm32cubeide/plugins/com.st.stm32cube.ide.mcu.externaltools.gnu-tools-for-stm32.7-2018-q2-update.win32_1.5.0.202011040924/tools/bin/../lib/gcc/arm-none-eabi/7.3.1/../../../../arm-none-eabi/lib/thumb/v7e-m/fpv4-sp/hard\libnosys.a
END GROUP
START GROUP
LOAD c:/st/stm32cubeide_1.1.0/stm32cubeide/plugins/com.st.stm32cube.ide.mcu.externaltools.gnu-tools-for-stm32.7-2018-q2-update.win32_1.5.0.202011040924/tools/bin/../lib/gcc/arm-none-eabi/7.3.1/thumb/v7e-m/fpv4-sp/hard\libgcc.a
LOAD c:/st/stm32cubeide_1.1.0/stm32cubeide/plugins/com.st.stm32cube.ide.mcu.externaltools.gnu-tools-for-stm32.7-2018-q2-update.win32_1.5.0.202011040924/tools/bin/../lib/gcc/arm-none-eabi/7.3.1/../../../../arm-none-eabi/lib/thumb/v7e-m/fpv4-sp/hard\libc_nano.a
LOAD c:/st/stm32cubeide_1.1.0/stm32cubeide/plugins/com.st.stm32cube.ide.mcu.externaltools.gnu-tools-for-stm32.7-2018-q2-update.win32_1.5.0.202011040924/tools/bin/../lib/gcc/arm-none-eabi/7.3.1/../../../../arm-none-eabi/lib/thumb/v7e-m/fpv4-sp/hard\libnosys.a
END GROUP
LOAD c:/st/stm32cubeide_1.1.0/stm32cubeide/plugins/com.st.stm32cube.ide.mcu.externaltools.gnu-tools-for-stm32.7-2018-q2-update.win32_1.5.0.202011040924/tools/bin/../lib/gcc/arm-none-eabi/7.3.1/thumb/v7e-m/fpv4-sp/hard/crtend.o
LOAD c:/st/stm32cubeide_1.1.0/stm32cubeide/plugins/com.st.stm32cube.ide.mcu.externaltools.gnu-tools-for-stm32.7-2018-q2-update.win32_1.5.0.202011040924/tools/bin/../lib/gcc/arm-none-eabi/7.3.1/thumb/v7e-m/fpv4-sp/hard/crtn.o
                0x0000000020030000                _estack = 0x20030000
                0x0000000000000200                _Min_Heap_Size = 0x200
                0x0000000000000400                _Min_Stack_Size = 0x400

.isr_vector     0x0000000008000000      0x13c
                0x0000000008000000                . = ALIGN (0x4)
 *(.isr_vector)
 .isr_vector    0x0000000008000000      0x13c Core/Startup/startup_stm32wb55ceux.o
                0x0000000008000000                g_pfnVectors
                0x000000000800013c                . = ALIGN (0x4)

.text           0x0000000008000140     0x7190
                0x0000000008000140                . = ALIGN (0x4)
 *(.text)
 .text          0x0000000008000140       0x40 c:/st/stm32cubeide_1.1.0/stm32cubeide/plugins/com.st.stm32cube.ide.mcu.externaltools.gnu-tools-for-stm32.7-2018-q2-update.win32_1.5.0.202011040924/tools/bin/../lib/gcc/arm-none-eabi/7.3.1/thumb/v7e-m/fpv4-sp/hard/crtbegin.o
 .text          0x0000000008000180       0x10 c:/st/stm32cubeide_1.1.0/stm32cubeide/plugins/com.st.stm32cube.ide.mcu.externaltools.gnu-tools-for-stm32.7-2018-q2-update.win32_1.5.0.202011040924/tools/bin/../lib/gcc/arm-none-eabi/7.3.1/../../../../arm-none-eabi/lib/thumb/v7e-m/fpv4-sp/hard\libc_nano.a(lib_a-strlen.o)
                0x0000000008000180                strlen
 .text          0x0000000008000190       0xa0 c:/st/stm32cubeide_1.1.0/stm32cubeide/plugins/com.st.stm32cube.ide.mcu.externaltools.gnu-tools-for-stm32.7-2018-q2-update.win32_1.5.0.202011040924/tools/bin/../lib/gcc/arm-none-eabi/7.3.1/../../../../arm-none-eabi/lib/thumb/v7e-m/fpv4-sp/hard\libc_nano.a(lib_a-memchr.o)
                0x0000000008000190                memchr
 .text          0x0000000008000230      0x378 c:/st/stm32cubeide_1.1.0/stm32cubeide/plugins/com.st.stm32cube.ide.mcu.externaltools.gnu-tools-for-stm32.7-2018-q2-update.win32_1.5.0.202011040924/tools/bin/../lib/gcc/arm-none-eabi/7.3.1/thumb/v7e-m/fpv4-sp/hard\libgcc.a(_arm_addsubdf3.o)
                0x0000000008000230                __aeabi_drsub
                0x0000000008000238                __aeabi_dsub
                0x0000000008000238                __subdf3
                0x000000000800023c                __aeabi_dadd
                0x000000000800023c                __adddf3
                0x00000000080004b4                __floatunsidf
                0x00000000080004b4                __aeabi_ui2d
                0x00000000080004d4                __floatsidf
                0x00000000080004d4                __aeabi_i2d
                0x00000000080004f8                __aeabi_f2d
                0x00000000080004f8                __extendsfdf2
                0x000000000800053c                __floatundidf
                0x000000000800053c                __aeabi_ul2d
                0x000000000800054c                __floatdidf
                0x000000000800054c                __aeabi_l2d
 .text          0x00000000080005a8      0x424 c:/st/stm32cubeide_1.1.0/stm32cubeide/plugins/com.st.stm32cube.ide.mcu.externaltools.gnu-tools-for-stm32.7-2018-q2-update.win32_1.5.0.202011040924/tools/bin/../lib/gcc/arm-none-eabi/7.3.1/thumb/v7e-m/fpv4-sp/hard\libgcc.a(_arm_muldivdf3.o)
                0x00000000080005a8                __aeabi_dmul
                0x00000000080005a8                __muldf3
                0x00000000080007fc                __divdf3
                0x00000000080007fc                __aeabi_ddiv
 .text          0x00000000080009cc      0x110 c:/st/stm32cubeide_1.1.0/stm32cubeide/plugins/com.st.stm32cube.ide.mcu.externaltools.gnu-tools-for-stm32.7-2018-q2-update.win32_1.5.0.202011040924/tools/bin/../lib/gcc/arm-none-eabi/7.3.1/thumb/v7e-m/fpv4-sp/hard\libgcc.a(_arm_cmpdf2.o)
                0x00000000080009cc                __gtdf2
                0x00000000080009cc                __gedf2
                0x00000000080009d4                __ltdf2
                0x00000000080009d4                __ledf2
                0x00000000080009dc                __nedf2
                0x00000000080009dc                __eqdf2
                0x00000000080009dc                __cmpdf2
                0x0000000008000a58                __aeabi_cdrcmple
                0x0000000008000a68                __aeabi_cdcmpeq
                0x0000000008000a68                __aeabi_cdcmple
                0x0000000008000a78                __aeabi_dcmpeq
                0x0000000008000a8c                __aeabi_dcmplt
                0x0000000008000aa0                __aeabi_dcmple
                0x0000000008000ab4                __aeabi_dcmpge
                0x0000000008000ac8                __aeabi_dcmpgt
 .text          0x0000000008000adc       0x2c c:/st/stm32cubeide_1.1.0/stm32cubeide/plugins/com.st.stm32cube.ide.mcu.externaltools.gnu-tools-for-stm32.7-2018-q2-update.win32_1.5.0.202011040924/tools/bin/../lib/gcc/arm-none-eabi/7.3.1/thumb/v7e-m/fpv4-sp/hard\libgcc.a(_arm_unorddf2.o)
                0x0000000008000adc                __unorddf2
                0x0000000008000adc                __aeabi_dcmpun
 .text          0x0000000008000b08       0x50 c:/st/stm32cubeide_1.1.0/stm32cubeide/plugins/com.st.stm32cube.ide.mcu.externaltools.gnu-tools-for-stm32.7-2018-q2-update.win32_1.5.0.202011040924/tools/bin/../lib/gcc/arm-none-eabi/7.3.1/thumb/v7e-m/fpv4-sp/hard\libgcc.a(_arm_fixdfsi.o)
                0x0000000008000b08                __aeabi_d2iz
                0x0000000008000b08                __fixdfsi
 .text          0x0000000008000b58       0xa0 c:/st/stm32cubeide_1.1.0/stm32cubeide/plugins/com.st.stm32cube.ide.mcu.externaltools.gnu-tools-for-stm32.7-2018-q2-update.win32_1.5.0.202011040924/tools/bin/../lib/gcc/arm-none-eabi/7.3.1/thumb/v7e-m/fpv4-sp/hard\libgcc.a(_arm_truncdfsf2.o)
                0x0000000008000b58                __truncdfsf2
                0x0000000008000b58                __aeabi_d2f
 *(.text*)
 .text.Dotstar_Init
                0x0000000008000bf8       0xa0 Core/Src/dotstar.o
                0x0000000008000bf8                Dotstar_Init
 .text.ds_show  0x0000000008000c98      0x138 Core/Src/dotstar.o
                0x0000000008000c98                ds_show
 .text.ds_clear
                0x0000000008000dd0       0x48 Core/Src/dotstar.o
                0x0000000008000dd0                ds_clear
 .text.ds_setPixelColor32B
                0x0000000008000e18       0x6c Core/Src/dotstar.o
                0x0000000008000e18                ds_setPixelColor32B
 .text.ds_setBrightness
                0x0000000008000e84       0x24 Core/Src/dotstar.o
                0x0000000008000e84                ds_setBrightness
 .text.I2C_Write_Byte
                0x0000000008000ea8       0x3c Core/Src/er_oled.o
                0x0000000008000ea8                I2C_Write_Byte
 .text.er_oled_begin
                0x0000000008000ee4       0xd0 Core/Src/er_oled.o
                0x0000000008000ee4                er_oled_begin
 .text.er_oled_clear
                0x0000000008000fb4       0x32 Core/Src/er_oled.o
                0x0000000008000fb4                er_oled_clear
 .text.er_oled_pixel
                0x0000000008000fe6       0xe6 Core/Src/er_oled.o
                0x0000000008000fe6                er_oled_pixel
 .text.er_oled_char
                0x00000000080010cc      0x1c8 Core/Src/er_oled.o
                0x00000000080010cc                er_oled_char
 .text.er_oled_string
                0x0000000008001294       0x82 Core/Src/er_oled.o
                0x0000000008001294                er_oled_string
 .text.er_oled_display
                0x0000000008001316       0x70 Core/Src/er_oled.o
                0x0000000008001316                er_oled_display
 .text.LL_AHB2_GRP1_EnableClock
                0x0000000008001386       0x32 Core/Src/main.o
 .text.main     0x00000000080013b8      0x2f0 Core/Src/main.o
                0x00000000080013b8                main
 .text.SystemClock_Config
                0x00000000080016a8       0xf0 Core/Src/main.o
                0x00000000080016a8                SystemClock_Config
 .text.MX_I2C1_Init
                0x0000000008001798       0x80 Core/Src/main.o
 .text.MX_SPI1_Init
                0x0000000008001818       0x7c Core/Src/main.o
 .text.MX_GPIO_Init
                0x0000000008001894       0x84 Core/Src/main.o
 .text.Error_Handler
                0x0000000008001918        0x8 Core/Src/main.o
                0x0000000008001918                Error_Handler
 .text._read_id
                0x0000000008001920       0x8e Core/Src/si7021.o
 *fill*         0x00000000080019ae        0x2 
 .text._read_and_convert_temperature
                0x00000000080019b0       0xdc Core/Src/si7021.o
 .text.si7021_read_id
                0x0000000008001a8c       0x6a Core/Src/si7021.o
                0x0000000008001a8c                si7021_read_id
 .text.si7021_set_config
                0x0000000008001af6       0x3a Core/Src/si7021.o
                0x0000000008001af6                si7021_set_config
 .text.si7021_set_heater_power
                0x0000000008001b30       0x30 Core/Src/si7021.o
                0x0000000008001b30                si7021_set_heater_power
 .text.si7021_measure_humidity
                0x0000000008001b60       0xbc Core/Src/si7021.o
                0x0000000008001b60                si7021_measure_humidity
 .text.si7021_measure_temperature
                0x0000000008001c1c       0x4c Core/Src/si7021.o
                0x0000000008001c1c                si7021_measure_temperature
 .text.LL_AHB2_GRP1_EnableClock
                0x0000000008001c68       0x32 Core/Src/stm32wbxx_hal_msp.o
 .text.LL_APB1_GRP1_EnableClock
                0x0000000008001c9a       0x32 Core/Src/stm32wbxx_hal_msp.o
 .text.LL_APB2_GRP1_EnableClock
                0x0000000008001ccc       0x32 Core/Src/stm32wbxx_hal_msp.o
 .text.HAL_MspInit
                0x0000000008001cfe        0xe Core/Src/stm32wbxx_hal_msp.o
                0x0000000008001cfe                HAL_MspInit
 .text.HAL_I2C_MspInit
                0x0000000008001d0c       0x64 Core/Src/stm32wbxx_hal_msp.o
                0x0000000008001d0c                HAL_I2C_MspInit
 .text.HAL_SPI_MspInit
                0x0000000008001d70       0x60 Core/Src/stm32wbxx_hal_msp.o
                0x0000000008001d70                HAL_SPI_MspInit
 .text.NMI_Handler
                0x0000000008001dd0        0x6 Core/Src/stm32wbxx_it.o
                0x0000000008001dd0                NMI_Handler
 .text.HardFault_Handler
                0x0000000008001dd6        0x6 Core/Src/stm32wbxx_it.o
                0x0000000008001dd6                HardFault_Handler
 .text.MemManage_Handler
                0x0000000008001ddc        0x6 Core/Src/stm32wbxx_it.o
                0x0000000008001ddc                MemManage_Handler
 .text.BusFault_Handler
                0x0000000008001de2        0x6 Core/Src/stm32wbxx_it.o
                0x0000000008001de2                BusFault_Handler
 .text.UsageFault_Handler
                0x0000000008001de8        0x6 Core/Src/stm32wbxx_it.o
                0x0000000008001de8                UsageFault_Handler
 .text.SVC_Handler
                0x0000000008001dee        0xe Core/Src/stm32wbxx_it.o
                0x0000000008001dee                SVC_Handler
 .text.DebugMon_Handler
                0x0000000008001dfc        0xe Core/Src/stm32wbxx_it.o
                0x0000000008001dfc                DebugMon_Handler
 .text.PendSV_Handler
                0x0000000008001e0a        0xe Core/Src/stm32wbxx_it.o
                0x0000000008001e0a                PendSV_Handler
 .text.SysTick_Handler
                0x0000000008001e18        0xc Core/Src/stm32wbxx_it.o
                0x0000000008001e18                SysTick_Handler
 .text._sbrk    0x0000000008001e24       0x6c Core/Src/sysmem.o
                0x0000000008001e24                _sbrk
 .text.SystemInit
                0x0000000008001e90       0xac Core/Src/system_stm32wbxx.o
                0x0000000008001e90                SystemInit
 .text.data_initializers
                0x0000000008001f3c       0x18 Core/Startup/startup_stm32wb55ceux.o
 .text.Reset_Handler
                0x0000000008001f54       0x54 Core/Startup/startup_stm32wb55ceux.o
                0x0000000008001f54                Reset_Handler
 .text.Default_Handler
                0x0000000008001fa8        0x2 Core/Startup/startup_stm32wb55ceux.o
                0x0000000008001fa8                RTC_Alarm_IRQHandler
                0x0000000008001fa8                EXTI2_IRQHandler
                0x0000000008001fa8                TIM1_CC_IRQHandler
                0x0000000008001fa8                TSC_IRQHandler
                0x0000000008001fa8                USB_HP_IRQHandler
                0x0000000008001fa8                EXTI3_IRQHandler
                0x0000000008001fa8                LPTIM2_IRQHandler
                0x0000000008001fa8                I2C3_ER_IRQHandler
                0x0000000008001fa8                EXTI0_IRQHandler
                0x0000000008001fa8                FPU_IRQHandler
                0x0000000008001fa8                TIM1_UP_TIM16_IRQHandler
                0x0000000008001fa8                AES1_IRQHandler
                0x0000000008001fa8                SPI1_IRQHandler
                0x0000000008001fa8                PWR_SOTF_BLEACT_802ACT_RFPHASE_IRQHandler
                0x0000000008001fa8                DMA2_Channel2_IRQHandler
                0x0000000008001fa8                DMA1_Channel4_IRQHandler
                0x0000000008001fa8                ADC1_IRQHandler
                0x0000000008001fa8                PKA_IRQHandler
                0x0000000008001fa8                DMA1_Channel7_IRQHandler
                0x0000000008001fa8                LCD_IRQHandler
                0x0000000008001fa8                IPCC_C1_TX_IRQHandler
                0x0000000008001fa8                DMA2_Channel1_IRQHandler
                0x0000000008001fa8                QUADSPI_IRQHandler
                0x0000000008001fa8                I2C1_EV_IRQHandler
                0x0000000008001fa8                DMAMUX1_OVR_IRQHandler
                0x0000000008001fa8                DMA1_Channel6_IRQHandler
                0x0000000008001fa8                DMA2_Channel4_IRQHandler
                0x0000000008001fa8                RCC_IRQHandler
                0x0000000008001fa8                DMA1_Channel1_IRQHandler
                0x0000000008001fa8                Default_Handler
                0x0000000008001fa8                DMA2_Channel7_IRQHandler
                0x0000000008001fa8                EXTI15_10_IRQHandler
                0x0000000008001fa8                IPCC_C1_RX_IRQHandler
                0x0000000008001fa8                C2SEV_PWR_C2H_IRQHandler
                0x0000000008001fa8                AES2_IRQHandler
                0x0000000008001fa8                I2C3_EV_IRQHandler
                0x0000000008001fa8                EXTI9_5_IRQHandler
                0x0000000008001fa8                RTC_WKUP_IRQHandler
                0x0000000008001fa8                PVD_PVM_IRQHandler
                0x0000000008001fa8                SPI2_IRQHandler
                0x0000000008001fa8                DMA2_Channel5_IRQHandler
                0x0000000008001fa8                CRS_IRQHandler
                0x0000000008001fa8                DMA1_Channel5_IRQHandler
                0x0000000008001fa8                USB_LP_IRQHandler
                0x0000000008001fa8                EXTI4_IRQHandler
                0x0000000008001fa8                RNG_IRQHandler
                0x0000000008001fa8                TIM1_TRG_COM_TIM17_IRQHandler
                0x0000000008001fa8                TAMP_STAMP_LSECSS_IRQHandler
                0x0000000008001fa8                DMA1_Channel3_IRQHandler
                0x0000000008001fa8                COMP_IRQHandler
                0x0000000008001fa8                HSEM_IRQHandler
                0x0000000008001fa8                WWDG_IRQHandler
                0x0000000008001fa8                LPUART1_IRQHandler
                0x0000000008001fa8                DMA2_Channel6_IRQHandler
                0x0000000008001fa8                TIM2_IRQHandler
                0x0000000008001fa8                TIM1_BRK_IRQHandler
                0x0000000008001fa8                EXTI1_IRQHandler
                0x0000000008001fa8                DMA1_Channel2_IRQHandler
                0x0000000008001fa8                FLASH_IRQHandler
                0x0000000008001fa8                USART1_IRQHandler
                0x0000000008001fa8                I2C1_ER_IRQHandler
                0x0000000008001fa8                LPTIM1_IRQHandler
                0x0000000008001fa8                SAI1_IRQHandler
                0x0000000008001fa8                DMA2_Channel3_IRQHandler
 *fill*         0x0000000008001faa        0x2 
 .text.HAL_Init
                0x0000000008001fac       0x40 Drivers/STM32WBxx_HAL_Driver/Src/stm32wbxx_hal.o
                0x0000000008001fac                HAL_Init
 .text.HAL_InitTick
                0x0000000008001fec       0x74 Drivers/STM32WBxx_HAL_Driver/Src/stm32wbxx_hal.o
                0x0000000008001fec                HAL_InitTick
 .text.HAL_IncTick
                0x0000000008002060       0x28 Drivers/STM32WBxx_HAL_Driver/Src/stm32wbxx_hal.o
                0x0000000008002060                HAL_IncTick
 .text.HAL_GetTick
                0x0000000008002088       0x18 Drivers/STM32WBxx_HAL_Driver/Src/stm32wbxx_hal.o
                0x0000000008002088                HAL_GetTick
 .text.HAL_GetTickPrio
                0x00000000080020a0       0x18 Drivers/STM32WBxx_HAL_Driver/Src/stm32wbxx_hal.o
                0x00000000080020a0                HAL_GetTickPrio
 .text.HAL_Delay
                0x00000000080020b8       0x44 Drivers/STM32WBxx_HAL_Driver/Src/stm32wbxx_hal.o
                0x00000000080020b8                HAL_Delay
 .text.__NVIC_SetPriorityGrouping
                0x00000000080020fc       0x48 Drivers/STM32WBxx_HAL_Driver/Src/stm32wbxx_hal_cortex.o
 .text.__NVIC_GetPriorityGrouping
                0x0000000008002144       0x1c Drivers/STM32WBxx_HAL_Driver/Src/stm32wbxx_hal_cortex.o
 .text.__NVIC_SetPriority
                0x0000000008002160       0x54 Drivers/STM32WBxx_HAL_Driver/Src/stm32wbxx_hal_cortex.o
 .text.NVIC_EncodePriority
                0x00000000080021b4       0x66 Drivers/STM32WBxx_HAL_Driver/Src/stm32wbxx_hal_cortex.o
 *fill*         0x000000000800221a        0x2 
 .text.SysTick_Config
                0x000000000800221c       0x44 Drivers/STM32WBxx_HAL_Driver/Src/stm32wbxx_hal_cortex.o
 .text.HAL_NVIC_SetPriorityGrouping
                0x0000000008002260       0x16 Drivers/STM32WBxx_HAL_Driver/Src/stm32wbxx_hal_cortex.o
                0x0000000008002260                HAL_NVIC_SetPriorityGrouping
 .text.HAL_NVIC_SetPriority
                0x0000000008002276       0x34 Drivers/STM32WBxx_HAL_Driver/Src/stm32wbxx_hal_cortex.o
                0x0000000008002276                HAL_NVIC_SetPriority
 .text.HAL_SYSTICK_Config
                0x00000000080022aa       0x18 Drivers/STM32WBxx_HAL_Driver/Src/stm32wbxx_hal_cortex.o
                0x00000000080022aa                HAL_SYSTICK_Config
 *fill*         0x00000000080022c2        0x2 
 .text.HAL_GPIO_Init
                0x00000000080022c4      0x2e0 Drivers/STM32WBxx_HAL_Driver/Src/stm32wbxx_hal_gpio.o
                0x00000000080022c4                HAL_GPIO_Init
 .text.HAL_GPIO_WritePin
                0x00000000080025a4       0x30 Drivers/STM32WBxx_HAL_Driver/Src/stm32wbxx_hal_gpio.o
                0x00000000080025a4                HAL_GPIO_WritePin
 .text.HAL_I2C_Init
                0x00000000080025d4      0x11e Drivers/STM32WBxx_HAL_Driver/Src/stm32wbxx_hal_i2c.o
                0x00000000080025d4                HAL_I2C_Init
 *fill*         0x00000000080026f2        0x2 
 .text.HAL_I2C_Master_Transmit
                0x00000000080026f4      0x1e8 Drivers/STM32WBxx_HAL_Driver/Src/stm32wbxx_hal_i2c.o
                0x00000000080026f4                HAL_I2C_Master_Transmit
 .text.HAL_I2C_Master_Receive
                0x00000000080028dc      0x1ec Drivers/STM32WBxx_HAL_Driver/Src/stm32wbxx_hal_i2c.o
                0x00000000080028dc                HAL_I2C_Master_Receive
 .text.I2C_Flush_TXDR
                0x0000000008002ac8       0x48 Drivers/STM32WBxx_HAL_Driver/Src/stm32wbxx_hal_i2c.o
 .text.I2C_WaitOnFlagUntilTimeout
                0x0000000008002b10       0x80 Drivers/STM32WBxx_HAL_Driver/Src/stm32wbxx_hal_i2c.o
 .text.I2C_WaitOnTXISFlagUntilTimeout
                0x0000000008002b90       0x80 Drivers/STM32WBxx_HAL_Driver/Src/stm32wbxx_hal_i2c.o
 .text.I2C_WaitOnSTOPFlagUntilTimeout
                0x0000000008002c10       0x78 Drivers/STM32WBxx_HAL_Driver/Src/stm32wbxx_hal_i2c.o
 .text.I2C_WaitOnRXNEFlagUntilTimeout
                0x0000000008002c88       0xd8 Drivers/STM32WBxx_HAL_Driver/Src/stm32wbxx_hal_i2c.o
 .text.I2C_IsAcknowledgeFailed
                0x0000000008002d60       0xcc Drivers/STM32WBxx_HAL_Driver/Src/stm32wbxx_hal_i2c.o
 .text.I2C_TransferConfig
                0x0000000008002e2c       0x5c Drivers/STM32WBxx_HAL_Driver/Src/stm32wbxx_hal_i2c.o
 .text.HAL_I2CEx_ConfigAnalogFilter
                0x0000000008002e88       0x96 Drivers/STM32WBxx_HAL_Driver/Src/stm32wbxx_hal_i2c_ex.o
                0x0000000008002e88                HAL_I2CEx_ConfigAnalogFilter
 .text.HAL_I2CEx_ConfigDigitalFilter
                0x0000000008002f1e       0x98 Drivers/STM32WBxx_HAL_Driver/Src/stm32wbxx_hal_i2c_ex.o
                0x0000000008002f1e                HAL_I2CEx_ConfigDigitalFilter
 *fill*         0x0000000008002fb6        0x2 
 .text.HAL_PWR_EnableBkUpAccess
                0x0000000008002fb8       0x20 Drivers/STM32WBxx_HAL_Driver/Src/stm32wbxx_hal_pwr.o
                0x0000000008002fb8                HAL_PWR_EnableBkUpAccess
 .text.HAL_PWREx_GetVoltageRange
                0x0000000008002fd8       0x1c Drivers/STM32WBxx_HAL_Driver/Src/stm32wbxx_hal_pwr_ex.o
                0x0000000008002fd8                HAL_PWREx_GetVoltageRange
 .text.LL_RCC_HSE_IsEnabledDiv2
                0x0000000008002ff4       0x24 Drivers/STM32WBxx_HAL_Driver/Src/stm32wbxx_hal_rcc.o
 .text.LL_RCC_HSE_Enable
                0x0000000008003018       0x1e Drivers/STM32WBxx_HAL_Driver/Src/stm32wbxx_hal_rcc.o
 .text.LL_RCC_HSE_Disable
                0x0000000008003036       0x1e Drivers/STM32WBxx_HAL_Driver/Src/stm32wbxx_hal_rcc.o
 .text.LL_RCC_HSE_IsReady
                0x0000000008003054       0x24 Drivers/STM32WBxx_HAL_Driver/Src/stm32wbxx_hal_rcc.o
 .text.LL_RCC_HSI_Enable
                0x0000000008003078       0x1e Drivers/STM32WBxx_HAL_Driver/Src/stm32wbxx_hal_rcc.o
 .text.LL_RCC_HSI_Disable
                0x0000000008003096       0x1e Drivers/STM32WBxx_HAL_Driver/Src/stm32wbxx_hal_rcc.o
 .text.LL_RCC_HSI_IsReady
                0x00000000080030b4       0x24 Drivers/STM32WBxx_HAL_Driver/Src/stm32wbxx_hal_rcc.o
 .text.LL_RCC_HSI_SetCalibTrimming
                0x00000000080030d8       0x2a Drivers/STM32WBxx_HAL_Driver/Src/stm32wbxx_hal_rcc.o
 .text.LL_RCC_HSI48_Enable
                0x0000000008003102       0x22 Drivers/STM32WBxx_HAL_Driver/Src/stm32wbxx_hal_rcc.o
 .text.LL_RCC_HSI48_Disable
                0x0000000008003124       0x22 Drivers/STM32WBxx_HAL_Driver/Src/stm32wbxx_hal_rcc.o
 .text.LL_RCC_HSI48_IsReady
                0x0000000008003146       0x24 Drivers/STM32WBxx_HAL_Driver/Src/stm32wbxx_hal_rcc.o
 .text.LL_RCC_LSE_Enable
                0x000000000800316a       0x22 Drivers/STM32WBxx_HAL_Driver/Src/stm32wbxx_hal_rcc.o
 .text.LL_RCC_LSE_Disable
                0x000000000800318c       0x22 Drivers/STM32WBxx_HAL_Driver/Src/stm32wbxx_hal_rcc.o
 .text.LL_RCC_LSE_EnableBypass
                0x00000000080031ae       0x22 Drivers/STM32WBxx_HAL_Driver/Src/stm32wbxx_hal_rcc.o
 .text.LL_RCC_LSE_DisableBypass
                0x00000000080031d0       0x22 Drivers/STM32WBxx_HAL_Driver/Src/stm32wbxx_hal_rcc.o
 .text.LL_RCC_LSE_IsReady
                0x00000000080031f2       0x24 Drivers/STM32WBxx_HAL_Driver/Src/stm32wbxx_hal_rcc.o
 .text.LL_RCC_LSI1_Enable
                0x0000000008003216       0x22 Drivers/STM32WBxx_HAL_Driver/Src/stm32wbxx_hal_rcc.o
 .text.LL_RCC_LSI1_Disable
                0x0000000008003238       0x22 Drivers/STM32WBxx_HAL_Driver/Src/stm32wbxx_hal_rcc.o
 .text.LL_RCC_LSI1_IsReady
                0x000000000800325a       0x24 Drivers/STM32WBxx_HAL_Driver/Src/stm32wbxx_hal_rcc.o
 .text.LL_RCC_LSI2_Enable
                0x000000000800327e       0x22 Drivers/STM32WBxx_HAL_Driver/Src/stm32wbxx_hal_rcc.o
 .text.LL_RCC_LSI2_Disable
                0x00000000080032a0       0x22 Drivers/STM32WBxx_HAL_Driver/Src/stm32wbxx_hal_rcc.o
 .text.LL_RCC_LSI2_IsReady
                0x00000000080032c2       0x24 Drivers/STM32WBxx_HAL_Driver/Src/stm32wbxx_hal_rcc.o
 .text.LL_RCC_LSI2_SetTrimming
                0x00000000080032e6       0x2e Drivers/STM32WBxx_HAL_Driver/Src/stm32wbxx_hal_rcc.o
 .text.LL_RCC_MSI_Enable
                0x0000000008003314       0x1e Drivers/STM32WBxx_HAL_Driver/Src/stm32wbxx_hal_rcc.o
 .text.LL_RCC_MSI_Disable
                0x0000000008003332       0x1e Drivers/STM32WBxx_HAL_Driver/Src/stm32wbxx_hal_rcc.o
 .text.LL_RCC_MSI_IsReady
                0x0000000008003350       0x22 Drivers/STM32WBxx_HAL_Driver/Src/stm32wbxx_hal_rcc.o
 .text.LL_RCC_MSI_SetRange
                0x0000000008003372       0x28 Drivers/STM32WBxx_HAL_Driver/Src/stm32wbxx_hal_rcc.o
 .text.LL_RCC_MSI_GetRange
                0x000000000800339a       0x2a Drivers/STM32WBxx_HAL_Driver/Src/stm32wbxx_hal_rcc.o
 .text.LL_RCC_MSI_SetCalibTrimming
                0x00000000080033c4       0x2a Drivers/STM32WBxx_HAL_Driver/Src/stm32wbxx_hal_rcc.o
 .text.LL_RCC_SetSysClkSource
                0x00000000080033ee       0x28 Drivers/STM32WBxx_HAL_Driver/Src/stm32wbxx_hal_rcc.o
 .text.LL_RCC_GetSysClkSource
                0x0000000008003416       0x18 Drivers/STM32WBxx_HAL_Driver/Src/stm32wbxx_hal_rcc.o
 .text.LL_RCC_SetAHBPrescaler
                0x000000000800342e       0x28 Drivers/STM32WBxx_HAL_Driver/Src/stm32wbxx_hal_rcc.o
 .text.LL_C2_RCC_SetAHBPrescaler
                0x0000000008003456       0x2c Drivers/STM32WBxx_HAL_Driver/Src/stm32wbxx_hal_rcc.o
 .text.LL_RCC_SetAHB4Prescaler
                0x0000000008003482       0x2e Drivers/STM32WBxx_HAL_Driver/Src/stm32wbxx_hal_rcc.o
 .text.LL_RCC_SetAPB1Prescaler
                0x00000000080034b0       0x28 Drivers/STM32WBxx_HAL_Driver/Src/stm32wbxx_hal_rcc.o
 .text.LL_RCC_SetAPB2Prescaler
                0x00000000080034d8       0x28 Drivers/STM32WBxx_HAL_Driver/Src/stm32wbxx_hal_rcc.o
 .text.LL_RCC_GetAHBPrescaler
                0x0000000008003500       0x18 Drivers/STM32WBxx_HAL_Driver/Src/stm32wbxx_hal_rcc.o
 .text.LL_RCC_GetAHB4Prescaler
                0x0000000008003518       0x1c Drivers/STM32WBxx_HAL_Driver/Src/stm32wbxx_hal_rcc.o
 .text.LL_RCC_PLL_Enable
                0x0000000008003534       0x1e Drivers/STM32WBxx_HAL_Driver/Src/stm32wbxx_hal_rcc.o
 .text.LL_RCC_PLL_Disable
                0x0000000008003552       0x1e Drivers/STM32WBxx_HAL_Driver/Src/stm32wbxx_hal_rcc.o
 .text.LL_RCC_PLL_IsReady
                0x0000000008003570       0x24 Drivers/STM32WBxx_HAL_Driver/Src/stm32wbxx_hal_rcc.o
 .text.LL_RCC_PLL_GetN
                0x0000000008003594       0x1a Drivers/STM32WBxx_HAL_Driver/Src/stm32wbxx_hal_rcc.o
 .text.LL_RCC_PLL_GetR
                0x00000000080035ae       0x18 Drivers/STM32WBxx_HAL_Driver/Src/stm32wbxx_hal_rcc.o
 .text.LL_RCC_PLL_GetDivider
                0x00000000080035c6       0x18 Drivers/STM32WBxx_HAL_Driver/Src/stm32wbxx_hal_rcc.o
 .text.LL_RCC_PLL_GetMainSource
                0x00000000080035de       0x18 Drivers/STM32WBxx_HAL_Driver/Src/stm32wbxx_hal_rcc.o
 .text.LL_RCC_IsActiveFlag_HPRE
                0x00000000080035f6       0x24 Drivers/STM32WBxx_HAL_Driver/Src/stm32wbxx_hal_rcc.o
 .text.LL_RCC_IsActiveFlag_C2HPRE
                0x000000000800361a       0x26 Drivers/STM32WBxx_HAL_Driver/Src/stm32wbxx_hal_rcc.o
 .text.LL_RCC_IsActiveFlag_SHDHPRE
                0x0000000008003640       0x26 Drivers/STM32WBxx_HAL_Driver/Src/stm32wbxx_hal_rcc.o
 .text.LL_RCC_IsActiveFlag_PPRE1
                0x0000000008003666       0x24 Drivers/STM32WBxx_HAL_Driver/Src/stm32wbxx_hal_rcc.o
 .text.LL_RCC_IsActiveFlag_PPRE2
                0x000000000800368a       0x24 Drivers/STM32WBxx_HAL_Driver/Src/stm32wbxx_hal_rcc.o
 *fill*         0x00000000080036ae        0x2 
 .text.HAL_RCC_OscConfig
                0x00000000080036b0      0x718 Drivers/STM32WBxx_HAL_Driver/Src/stm32wbxx_hal_rcc.o
                0x00000000080036b0                HAL_RCC_OscConfig
 .text.HAL_RCC_ClockConfig
                0x0000000008003dc8      0x280 Drivers/STM32WBxx_HAL_Driver/Src/stm32wbxx_hal_rcc.o
                0x0000000008003dc8                HAL_RCC_ClockConfig
 .text.HAL_RCC_GetSysClockFreq
                0x0000000008004048       0xd8 Drivers/STM32WBxx_HAL_Driver/Src/stm32wbxx_hal_rcc.o
                0x0000000008004048                HAL_RCC_GetSysClockFreq
 .text.HAL_RCC_GetHCLKFreq
                0x0000000008004120       0x28 Drivers/STM32WBxx_HAL_Driver/Src/stm32wbxx_hal_rcc.o
                0x0000000008004120                HAL_RCC_GetHCLKFreq
 .text.RCC_SetFlashLatencyFromMSIRange
                0x0000000008004148       0x70 Drivers/STM32WBxx_HAL_Driver/Src/stm32wbxx_hal_rcc.o
 .text.RCC_SetFlashLatency
                0x00000000080041b8      0x100 Drivers/STM32WBxx_HAL_Driver/Src/stm32wbxx_hal_rcc.o
 .text.LL_RCC_LSE_IsEnabled
                0x00000000080042b8       0x24 Drivers/STM32WBxx_HAL_Driver/Src/stm32wbxx_hal_rcc_ex.o
 .text.LL_RCC_LSE_IsReady
                0x00000000080042dc       0x24 Drivers/STM32WBxx_HAL_Driver/Src/stm32wbxx_hal_rcc_ex.o
 .text.LL_RCC_SetRFWKPClockSource
                0x0000000008004300       0x2c Drivers/STM32WBxx_HAL_Driver/Src/stm32wbxx_hal_rcc_ex.o
 .text.LL_RCC_SetSMPSClockSource
                0x000000000800432c       0x28 Drivers/STM32WBxx_HAL_Driver/Src/stm32wbxx_hal_rcc_ex.o
 .text.LL_RCC_SetSMPSPrescaler
                0x0000000008004354       0x28 Drivers/STM32WBxx_HAL_Driver/Src/stm32wbxx_hal_rcc_ex.o
 .text.LL_RCC_SetUSARTClockSource
                0x000000000800437c       0x2c Drivers/STM32WBxx_HAL_Driver/Src/stm32wbxx_hal_rcc_ex.o
 .text.LL_RCC_SetLPUARTClockSource
                0x00000000080043a8       0x2c Drivers/STM32WBxx_HAL_Driver/Src/stm32wbxx_hal_rcc_ex.o
 .text.LL_RCC_SetI2CClockSource
                0x00000000080043d4       0x3a Drivers/STM32WBxx_HAL_Driver/Src/stm32wbxx_hal_rcc_ex.o
 .text.LL_RCC_SetLPTIMClockSource
                0x000000000800440e       0x34 Drivers/STM32WBxx_HAL_Driver/Src/stm32wbxx_hal_rcc_ex.o
 .text.LL_RCC_SetSAIClockSource
                0x0000000008004442       0x2c Drivers/STM32WBxx_HAL_Driver/Src/stm32wbxx_hal_rcc_ex.o
 .text.LL_RCC_SetRNGClockSource
                0x000000000800446e       0x2c Drivers/STM32WBxx_HAL_Driver/Src/stm32wbxx_hal_rcc_ex.o
 .text.LL_RCC_SetCLK48ClockSource
                0x000000000800449a       0x2c Drivers/STM32WBxx_HAL_Driver/Src/stm32wbxx_hal_rcc_ex.o
 .text.LL_RCC_SetUSBClockSource
                0x00000000080044c6       0x16 Drivers/STM32WBxx_HAL_Driver/Src/stm32wbxx_hal_rcc_ex.o
 .text.LL_RCC_SetADCClockSource
                0x00000000080044dc       0x2c Drivers/STM32WBxx_HAL_Driver/Src/stm32wbxx_hal_rcc_ex.o
 .text.LL_RCC_SetRTCClockSource
                0x0000000008004508       0x2c Drivers/STM32WBxx_HAL_Driver/Src/stm32wbxx_hal_rcc_ex.o
 .text.LL_RCC_GetRTCClockSource
                0x0000000008004534       0x1a Drivers/STM32WBxx_HAL_Driver/Src/stm32wbxx_hal_rcc_ex.o
 .text.LL_RCC_ForceBackupDomainReset
                0x000000000800454e       0x22 Drivers/STM32WBxx_HAL_Driver/Src/stm32wbxx_hal_rcc_ex.o
 .text.LL_RCC_ReleaseBackupDomainReset
                0x0000000008004570       0x22 Drivers/STM32WBxx_HAL_Driver/Src/stm32wbxx_hal_rcc_ex.o
 .text.LL_RCC_PLLSAI1_Enable
                0x0000000008004592       0x1e Drivers/STM32WBxx_HAL_Driver/Src/stm32wbxx_hal_rcc_ex.o
 .text.LL_RCC_PLLSAI1_Disable
                0x00000000080045b0       0x1e Drivers/STM32WBxx_HAL_Driver/Src/stm32wbxx_hal_rcc_ex.o
 .text.LL_RCC_PLLSAI1_IsReady
                0x00000000080045ce       0x24 Drivers/STM32WBxx_HAL_Driver/Src/stm32wbxx_hal_rcc_ex.o
 .text.HAL_RCCEx_PeriphCLKConfig
                0x00000000080045f2      0x2ea Drivers/STM32WBxx_HAL_Driver/Src/stm32wbxx_hal_rcc_ex.o
                0x00000000080045f2                HAL_RCCEx_PeriphCLKConfig
 .text.RCCEx_PLLSAI1_ConfigNP
                0x00000000080048dc       0xb6 Drivers/STM32WBxx_HAL_Driver/Src/stm32wbxx_hal_rcc_ex.o
 .text.RCCEx_PLLSAI1_ConfigNQ
                0x0000000008004992       0xb6 Drivers/STM32WBxx_HAL_Driver/Src/stm32wbxx_hal_rcc_ex.o
 .text.RCCEx_PLLSAI1_ConfigNR
                0x0000000008004a48       0xb6 Drivers/STM32WBxx_HAL_Driver/Src/stm32wbxx_hal_rcc_ex.o
 .text.HAL_SPI_Init
                0x0000000008004afe      0x146 Drivers/STM32WBxx_HAL_Driver/Src/stm32wbxx_hal_spi.o
                0x0000000008004afe                HAL_SPI_Init
 .text.HAL_SPI_Transmit
                0x0000000008004c44      0x2dc Drivers/STM32WBxx_HAL_Driver/Src/stm32wbxx_hal_spi.o
                0x0000000008004c44                HAL_SPI_Transmit
 .text.SPI_WaitFlagStateUntilTimeout
                0x0000000008004f20      0x110 Drivers/STM32WBxx_HAL_Driver/Src/stm32wbxx_hal_spi.o
 .text.SPI_WaitFifoStateUntilTimeout
                0x0000000008005030      0x11c Drivers/STM32WBxx_HAL_Driver/Src/stm32wbxx_hal_spi.o
 .text.SPI_EndRxTxTransaction
                0x000000000800514c       0x8c Drivers/STM32WBxx_HAL_Driver/Src/stm32wbxx_hal_spi.o
 .text.__errno  0x00000000080051d8        0xc c:/st/stm32cubeide_1.1.0/stm32cubeide/plugins/com.st.stm32cube.ide.mcu.externaltools.gnu-tools-for-stm32.7-2018-q2-update.win32_1.5.0.202011040924/tools/bin/../lib/gcc/arm-none-eabi/7.3.1/../../../../arm-none-eabi/lib/thumb/v7e-m/fpv4-sp/hard\libc_nano.a(lib_a-errno.o)
                0x00000000080051d8                __errno
 .text.__libc_init_array
                0x00000000080051e4       0x48 c:/st/stm32cubeide_1.1.0/stm32cubeide/plugins/com.st.stm32cube.ide.mcu.externaltools.gnu-tools-for-stm32.7-2018-q2-update.win32_1.5.0.202011040924/tools/bin/../lib/gcc/arm-none-eabi/7.3.1/../../../../arm-none-eabi/lib/thumb/v7e-m/fpv4-sp/hard\libc_nano.a(lib_a-init.o)
                0x00000000080051e4                __libc_init_array
 .text.malloc   0x000000000800522c       0x10 c:/st/stm32cubeide_1.1.0/stm32cubeide/plugins/com.st.stm32cube.ide.mcu.externaltools.gnu-tools-for-stm32.7-2018-q2-update.win32_1.5.0.202011040924/tools/bin/../lib/gcc/arm-none-eabi/7.3.1/../../../../arm-none-eabi/lib/thumb/v7e-m/fpv4-sp/hard\libc_nano.a(lib_a-malloc.o)
                0x000000000800522c                malloc
 .text.memset   0x000000000800523c       0x10 c:/st/stm32cubeide_1.1.0/stm32cubeide/plugins/com.st.stm32cube.ide.mcu.externaltools.gnu-tools-for-stm32.7-2018-q2-update.win32_1.5.0.202011040924/tools/bin/../lib/gcc/arm-none-eabi/7.3.1/../../../../arm-none-eabi/lib/thumb/v7e-m/fpv4-sp/hard\libc_nano.a(lib_a-memset.o)
                0x000000000800523c                memset
 .text._free_r  0x000000000800524c       0x9c c:/st/stm32cubeide_1.1.0/stm32cubeide/plugins/com.st.stm32cube.ide.mcu.externaltools.gnu-tools-for-stm32.7-2018-q2-update.win32_1.5.0.202011040924/tools/bin/../lib/gcc/arm-none-eabi/7.3.1/../../../../arm-none-eabi/lib/thumb/v7e-m/fpv4-sp/hard\libc_nano.a(lib_a-nano-freer.o)
                0x000000000800524c                _free_r
 .text._malloc_r
                0x00000000080052e8       0xb4 c:/st/stm32cubeide_1.1.0/stm32cubeide/plugins/com.st.stm32cube.ide.mcu.externaltools.gnu-tools-for-stm32.7-2018-q2-update.win32_1.5.0.202011040924/tools/bin/../lib/gcc/arm-none-eabi/7.3.1/../../../../arm-none-eabi/lib/thumb/v7e-m/fpv4-sp/hard\libc_nano.a(lib_a-nano-mallocr.o)
                0x00000000080052e8                _malloc_r
 .text.__cvt    0x000000000800539c       0xc2 c:/st/stm32cubeide_1.1.0/stm32cubeide/plugins/com.st.stm32cube.ide.mcu.externaltools.gnu-tools-for-stm32.7-2018-q2-update.win32_1.5.0.202011040924/tools/bin/../lib/gcc/arm-none-eabi/7.3.1/../../../../arm-none-eabi/lib/thumb/v7e-m/fpv4-sp/hard\libc_nano.a(lib_a-nano-vfprintf_float.o)
                0x000000000800539c                __cvt
 .text.__exponent
                0x000000000800545e       0x66 c:/st/stm32cubeide_1.1.0/stm32cubeide/plugins/com.st.stm32cube.ide.mcu.externaltools.gnu-tools-for-stm32.7-2018-q2-update.win32_1.5.0.202011040924/tools/bin/../lib/gcc/arm-none-eabi/7.3.1/../../../../arm-none-eabi/lib/thumb/v7e-m/fpv4-sp/hard\libc_nano.a(lib_a-nano-vfprintf_float.o)
                0x000000000800545e                __exponent
 .text._printf_float
                0x00000000080054c4      0x480 c:/st/stm32cubeide_1.1.0/stm32cubeide/plugins/com.st.stm32cube.ide.mcu.externaltools.gnu-tools-for-stm32.7-2018-q2-update.win32_1.5.0.202011040924/tools/bin/../lib/gcc/arm-none-eabi/7.3.1/../../../../arm-none-eabi/lib/thumb/v7e-m/fpv4-sp/hard\libc_nano.a(lib_a-nano-vfprintf_float.o)
                0x00000000080054c4                _printf_float
 .text._printf_common
                0x0000000008005944       0xea c:/st/stm32cubeide_1.1.0/stm32cubeide/plugins/com.st.stm32cube.ide.mcu.externaltools.gnu-tools-for-stm32.7-2018-q2-update.win32_1.5.0.202011040924/tools/bin/../lib/gcc/arm-none-eabi/7.3.1/../../../../arm-none-eabi/lib/thumb/v7e-m/fpv4-sp/hard\libc_nano.a(lib_a-nano-vfprintf_i.o)
                0x0000000008005944                _printf_common
 *fill*         0x0000000008005a2e        0x2 
 .text._printf_i
                0x0000000008005a30      0x224 c:/st/stm32cubeide_1.1.0/stm32cubeide/plugins/com.st.stm32cube.ide.mcu.externaltools.gnu-tools-for-stm32.7-2018-q2-update.win32_1.5.0.202011040924/tools/bin/../lib/gcc/arm-none-eabi/7.3.1/../../../../arm-none-eabi/lib/thumb/v7e-m/fpv4-sp/hard\libc_nano.a(lib_a-nano-vfprintf_i.o)
                0x0000000008005a30                _printf_i
 .text._sbrk_r  0x0000000008005c54       0x20 c:/st/stm32cubeide_1.1.0/stm32cubeide/plugins/com.st.stm32cube.ide.mcu.externaltools.gnu-tools-for-stm32.7-2018-q2-update.win32_1.5.0.202011040924/tools/bin/../lib/gcc/arm-none-eabi/7.3.1/../../../../arm-none-eabi/lib/thumb/v7e-m/fpv4-sp/hard\libc_nano.a(lib_a-sbrkr.o)
                0x0000000008005c54                _sbrk_r
 .text.sprintf  0x0000000008005c74       0x40 c:/st/stm32cubeide_1.1.0/stm32cubeide/plugins/com.st.stm32cube.ide.mcu.externaltools.gnu-tools-for-stm32.7-2018-q2-update.win32_1.5.0.202011040924/tools/bin/../lib/gcc/arm-none-eabi/7.3.1/../../../../arm-none-eabi/lib/thumb/v7e-m/fpv4-sp/hard\libc_nano.a(lib_a-sprintf.o)
                0x0000000008005c74                siprintf
                0x0000000008005c74                sprintf
 .text.quorem   0x0000000008005cb4      0x118 c:/st/stm32cubeide_1.1.0/stm32cubeide/plugins/com.st.stm32cube.ide.mcu.externaltools.gnu-tools-for-stm32.7-2018-q2-update.win32_1.5.0.202011040924/tools/bin/../lib/gcc/arm-none-eabi/7.3.1/../../../../arm-none-eabi/lib/thumb/v7e-m/fpv4-sp/hard\libc_nano.a(lib_a-dtoa.o)
 *fill*         0x0000000008005dcc        0x4 
 .text._dtoa_r  0x0000000008005dd0      0xb70 c:/st/stm32cubeide_1.1.0/stm32cubeide/plugins/com.st.stm32cube.ide.mcu.externaltools.gnu-tools-for-stm32.7-2018-q2-update.win32_1.5.0.202011040924/tools/bin/../lib/gcc/arm-none-eabi/7.3.1/../../../../arm-none-eabi/lib/thumb/v7e-m/fpv4-sp/hard\libc_nano.a(lib_a-dtoa.o)
                0x0000000008005dd0                _dtoa_r
 .text._localeconv_r
                0x0000000008006940       0x1c c:/st/stm32cubeide_1.1.0/stm32cubeide/plugins/com.st.stm32cube.ide.mcu.externaltools.gnu-tools-for-stm32.7-2018-q2-update.win32_1.5.0.202011040924/tools/bin/../lib/gcc/arm-none-eabi/7.3.1/../../../../arm-none-eabi/lib/thumb/v7e-m/fpv4-sp/hard\libc_nano.a(lib_a-localeconv.o)
                0x0000000008006940                _localeconv_r
 .text.memcpy   0x000000000800695c       0x16 c:/st/stm32cubeide_1.1.0/stm32cubeide/plugins/com.st.stm32cube.ide.mcu.externaltools.gnu-tools-for-stm32.7-2018-q2-update.win32_1.5.0.202011040924/tools/bin/../lib/gcc/arm-none-eabi/7.3.1/../../../../arm-none-eabi/lib/thumb/v7e-m/fpv4-sp/hard\libc_nano.a(lib_a-memcpy-stub.o)
                0x000000000800695c                memcpy
 .text.__malloc_lock
                0x0000000008006972        0x2 c:/st/stm32cubeide_1.1.0/stm32cubeide/plugins/com.st.stm32cube.ide.mcu.externaltools.gnu-tools-for-stm32.7-2018-q2-update.win32_1.5.0.202011040924/tools/bin/../lib/gcc/arm-none-eabi/7.3.1/../../../../arm-none-eabi/lib/thumb/v7e-m/fpv4-sp/hard\libc_nano.a(lib_a-mlock.o)
                0x0000000008006972                __malloc_lock
 .text.__malloc_unlock
                0x0000000008006974        0x2 c:/st/stm32cubeide_1.1.0/stm32cubeide/plugins/com.st.stm32cube.ide.mcu.externaltools.gnu-tools-for-stm32.7-2018-q2-update.win32_1.5.0.202011040924/tools/bin/../lib/gcc/arm-none-eabi/7.3.1/../../../../arm-none-eabi/lib/thumb/v7e-m/fpv4-sp/hard\libc_nano.a(lib_a-mlock.o)
                0x0000000008006974                __malloc_unlock
 .text._Balloc  0x0000000008006976       0x68 c:/st/stm32cubeide_1.1.0/stm32cubeide/plugins/com.st.stm32cube.ide.mcu.externaltools.gnu-tools-for-stm32.7-2018-q2-update.win32_1.5.0.202011040924/tools/bin/../lib/gcc/arm-none-eabi/7.3.1/../../../../arm-none-eabi/lib/thumb/v7e-m/fpv4-sp/hard\libc_nano.a(lib_a-mprec.o)
                0x0000000008006976                _Balloc
 .text._Bfree   0x00000000080069de       0x2e c:/st/stm32cubeide_1.1.0/stm32cubeide/plugins/com.st.stm32cube.ide.mcu.externaltools.gnu-tools-for-stm32.7-2018-q2-update.win32_1.5.0.202011040924/tools/bin/../lib/gcc/arm-none-eabi/7.3.1/../../../../arm-none-eabi/lib/thumb/v7e-m/fpv4-sp/hard\libc_nano.a(lib_a-mprec.o)
                0x00000000080069de                _Bfree
 .text.__multadd
                0x0000000008006a0c       0x76 c:/st/stm32cubeide_1.1.0/stm32cubeide/plugins/com.st.stm32cube.ide.mcu.externaltools.gnu-tools-for-stm32.7-2018-q2-update.win32_1.5.0.202011040924/tools/bin/../lib/gcc/arm-none-eabi/7.3.1/../../../../arm-none-eabi/lib/thumb/v7e-m/fpv4-sp/hard\libc_nano.a(lib_a-mprec.o)
                0x0000000008006a0c                __multadd
 .text.__hi0bits
                0x0000000008006a82       0x3e c:/st/stm32cubeide_1.1.0/stm32cubeide/plugins/com.st.stm32cube.ide.mcu.externaltools.gnu-tools-for-stm32.7-2018-q2-update.win32_1.5.0.202011040924/tools/bin/../lib/gcc/arm-none-eabi/7.3.1/../../../../arm-none-eabi/lib/thumb/v7e-m/fpv4-sp/hard\libc_nano.a(lib_a-mprec.o)
                0x0000000008006a82                __hi0bits
 .text.__lo0bits
                0x0000000008006ac0       0x5e c:/st/stm32cubeide_1.1.0/stm32cubeide/plugins/com.st.stm32cube.ide.mcu.externaltools.gnu-tools-for-stm32.7-2018-q2-update.win32_1.5.0.202011040924/tools/bin/../lib/gcc/arm-none-eabi/7.3.1/../../../../arm-none-eabi/lib/thumb/v7e-m/fpv4-sp/hard\libc_nano.a(lib_a-mprec.o)
                0x0000000008006ac0                __lo0bits
 .text.__i2b    0x0000000008006b1e       0x12 c:/st/stm32cubeide_1.1.0/stm32cubeide/plugins/com.st.stm32cube.ide.mcu.externaltools.gnu-tools-for-stm32.7-2018-q2-update.win32_1.5.0.202011040924/tools/bin/../lib/gcc/arm-none-eabi/7.3.1/../../../../arm-none-eabi/lib/thumb/v7e-m/fpv4-sp/hard\libc_nano.a(lib_a-mprec.o)
                0x0000000008006b1e                __i2b
 .text.__multiply
                0x0000000008006b30      0x12c c:/st/stm32cubeide_1.1.0/stm32cubeide/plugins/com.st.stm32cube.ide.mcu.externaltools.gnu-tools-for-stm32.7-2018-q2-update.win32_1.5.0.202011040924/tools/bin/../lib/gcc/arm-none-eabi/7.3.1/../../../../arm-none-eabi/lib/thumb/v7e-m/fpv4-sp/hard\libc_nano.a(lib_a-mprec.o)
                0x0000000008006b30                __multiply
 .text.__pow5mult
                0x0000000008006c5c       0x9c c:/st/stm32cubeide_1.1.0/stm32cubeide/plugins/com.st.stm32cube.ide.mcu.externaltools.gnu-tools-for-stm32.7-2018-q2-update.win32_1.5.0.202011040924/tools/bin/../lib/gcc/arm-none-eabi/7.3.1/../../../../arm-none-eabi/lib/thumb/v7e-m/fpv4-sp/hard\libc_nano.a(lib_a-mprec.o)
                0x0000000008006c5c                __pow5mult
 .text.__lshift
                0x0000000008006cf8       0xa8 c:/st/stm32cubeide_1.1.0/stm32cubeide/plugins/com.st.stm32cube.ide.mcu.externaltools.gnu-tools-for-stm32.7-2018-q2-update.win32_1.5.0.202011040924/tools/bin/../lib/gcc/arm-none-eabi/7.3.1/../../../../arm-none-eabi/lib/thumb/v7e-m/fpv4-sp/hard\libc_nano.a(lib_a-mprec.o)
                0x0000000008006cf8                __lshift
 .text.__mcmp   0x0000000008006da0       0x34 c:/st/stm32cubeide_1.1.0/stm32cubeide/plugins/com.st.stm32cube.ide.mcu.externaltools.gnu-tools-for-stm32.7-2018-q2-update.win32_1.5.0.202011040924/tools/bin/../lib/gcc/arm-none-eabi/7.3.1/../../../../arm-none-eabi/lib/thumb/v7e-m/fpv4-sp/hard\libc_nano.a(lib_a-mprec.o)
                0x0000000008006da0                __mcmp
 .text.__mdiff  0x0000000008006dd4       0xba c:/st/stm32cubeide_1.1.0/stm32cubeide/plugins/com.st.stm32cube.ide.mcu.externaltools.gnu-tools-for-stm32.7-2018-q2-update.win32_1.5.0.202011040924/tools/bin/../lib/gcc/arm-none-eabi/7.3.1/../../../../arm-none-eabi/lib/thumb/v7e-m/fpv4-sp/hard\libc_nano.a(lib_a-mprec.o)
                0x0000000008006dd4                __mdiff
 .text.__d2b    0x0000000008006e8e       0x9e c:/st/stm32cubeide_1.1.0/stm32cubeide/plugins/com.st.stm32cube.ide.mcu.externaltools.gnu-tools-for-stm32.7-2018-q2-update.win32_1.5.0.202011040924/tools/bin/../lib/gcc/arm-none-eabi/7.3.1/../../../../arm-none-eabi/lib/thumb/v7e-m/fpv4-sp/hard\libc_nano.a(lib_a-mprec.o)
                0x0000000008006e8e                __d2b
 .text._calloc_r
                0x0000000008006f2c       0x1c c:/st/stm32cubeide_1.1.0/stm32cubeide/plugins/com.st.stm32cube.ide.mcu.externaltools.gnu-tools-for-stm32.7-2018-q2-update.win32_1.5.0.202011040924/tools/bin/../lib/gcc/arm-none-eabi/7.3.1/../../../../arm-none-eabi/lib/thumb/v7e-m/fpv4-sp/hard\libc_nano.a(lib_a-nano-callocr.o)
                0x0000000008006f2c                _calloc_r
 .text.__ssputs_r
                0x0000000008006f48       0xb4 c:/st/stm32cubeide_1.1.0/stm32cubeide/plugins/com.st.stm32cube.ide.mcu.externaltools.gnu-tools-for-stm32.7-2018-q2-update.win32_1.5.0.202011040924/tools/bin/../lib/gcc/arm-none-eabi/7.3.1/../../../../arm-none-eabi/lib/thumb/v7e-m/fpv4-sp/hard\libc_nano.a(lib_a-nano-svfprintf.o)
                0x0000000008006f48                __ssputs_r
 .text._svfprintf_r
                0x0000000008006ffc      0x1f0 c:/st/stm32cubeide_1.1.0/stm32cubeide/plugins/com.st.stm32cube.ide.mcu.externaltools.gnu-tools-for-stm32.7-2018-q2-update.win32_1.5.0.202011040924/tools/bin/../lib/gcc/arm-none-eabi/7.3.1/../../../../arm-none-eabi/lib/thumb/v7e-m/fpv4-sp/hard\libc_nano.a(lib_a-nano-svfprintf.o)
                0x0000000008006ffc                _svfiprintf_r
                0x0000000008006ffc                _svfprintf_r
 .text.__ascii_mbtowc
                0x00000000080071ec       0x24 c:/st/stm32cubeide_1.1.0/stm32cubeide/plugins/com.st.stm32cube.ide.mcu.externaltools.gnu-tools-for-stm32.7-2018-q2-update.win32_1.5.0.202011040924/tools/bin/../lib/gcc/arm-none-eabi/7.3.1/../../../../arm-none-eabi/lib/thumb/v7e-m/fpv4-sp/hard\libc_nano.a(lib_a-mbtowc_r.o)
                0x00000000080071ec                __ascii_mbtowc
 .text.memmove  0x0000000008007210       0x32 c:/st/stm32cubeide_1.1.0/stm32cubeide/plugins/com.st.stm32cube.ide.mcu.externaltools.gnu-tools-for-stm32.7-2018-q2-update.win32_1.5.0.202011040924/tools/bin/../lib/gcc/arm-none-eabi/7.3.1/../../../../arm-none-eabi/lib/thumb/v7e-m/fpv4-sp/hard\libc_nano.a(lib_a-memmove.o)
                0x0000000008007210                memmove
 .text._realloc_r
                0x0000000008007242       0x4c c:/st/stm32cubeide_1.1.0/stm32cubeide/plugins/com.st.stm32cube.ide.mcu.externaltools.gnu-tools-for-stm32.7-2018-q2-update.win32_1.5.0.202011040924/tools/bin/../lib/gcc/arm-none-eabi/7.3.1/../../../../arm-none-eabi/lib/thumb/v7e-m/fpv4-sp/hard\libc_nano.a(lib_a-nano-reallocr.o)
                0x0000000008007242                _realloc_r
 .text.__ascii_wctomb
                0x000000000800728e       0x1a c:/st/stm32cubeide_1.1.0/stm32cubeide/plugins/com.st.stm32cube.ide.mcu.externaltools.gnu-tools-for-stm32.7-2018-q2-update.win32_1.5.0.202011040924/tools/bin/../lib/gcc/arm-none-eabi/7.3.1/../../../../arm-none-eabi/lib/thumb/v7e-m/fpv4-sp/hard\libc_nano.a(lib_a-wctomb_r.o)
                0x000000000800728e                __ascii_wctomb
 .text._malloc_usable_size_r
                0x00000000080072a8       0x10 c:/st/stm32cubeide_1.1.0/stm32cubeide/plugins/com.st.stm32cube.ide.mcu.externaltools.gnu-tools-for-stm32.7-2018-q2-update.win32_1.5.0.202011040924/tools/bin/../lib/gcc/arm-none-eabi/7.3.1/../../../../arm-none-eabi/lib/thumb/v7e-m/fpv4-sp/hard\libc_nano.a(lib_a-nano-msizer.o)
                0x00000000080072a8                _malloc_usable_size_r
 *(.glue_7)
 .glue_7        0x00000000080072b8        0x0 linker stubs
 *(.glue_7t)
 .glue_7t       0x00000000080072b8        0x0 linker stubs
 *(.eh_frame)
 .eh_frame      0x00000000080072b8        0x0 c:/st/stm32cubeide_1.1.0/stm32cubeide/plugins/com.st.stm32cube.ide.mcu.externaltools.gnu-tools-for-stm32.7-2018-q2-update.win32_1.5.0.202011040924/tools/bin/../lib/gcc/arm-none-eabi/7.3.1/thumb/v7e-m/fpv4-sp/hard/crtbegin.o
 *(.init)
 .init          0x00000000080072b8        0x4 c:/st/stm32cubeide_1.1.0/stm32cubeide/plugins/com.st.stm32cube.ide.mcu.externaltools.gnu-tools-for-stm32.7-2018-q2-update.win32_1.5.0.202011040924/tools/bin/../lib/gcc/arm-none-eabi/7.3.1/thumb/v7e-m/fpv4-sp/hard/crti.o
                0x00000000080072b8                _init
 .init          0x00000000080072bc        0x8 c:/st/stm32cubeide_1.1.0/stm32cubeide/plugins/com.st.stm32cube.ide.mcu.externaltools.gnu-tools-for-stm32.7-2018-q2-update.win32_1.5.0.202011040924/tools/bin/../lib/gcc/arm-none-eabi/7.3.1/thumb/v7e-m/fpv4-sp/hard/crtn.o
 *(.fini)
 .fini          0x00000000080072c4        0x4 c:/st/stm32cubeide_1.1.0/stm32cubeide/plugins/com.st.stm32cube.ide.mcu.externaltools.gnu-tools-for-stm32.7-2018-q2-update.win32_1.5.0.202011040924/tools/bin/../lib/gcc/arm-none-eabi/7.3.1/thumb/v7e-m/fpv4-sp/hard/crti.o
                0x00000000080072c4                _fini
 .fini          0x00000000080072c8        0x8 c:/st/stm32cubeide_1.1.0/stm32cubeide/plugins/com.st.stm32cube.ide.mcu.externaltools.gnu-tools-for-stm32.7-2018-q2-update.win32_1.5.0.202011040924/tools/bin/../lib/gcc/arm-none-eabi/7.3.1/thumb/v7e-m/fpv4-sp/hard/crtn.o
                0x00000000080072d0                . = ALIGN (0x4)
                0x00000000080072d0                _etext = .

.vfp11_veneer   0x00000000080072d0        0x0
 .vfp11_veneer  0x00000000080072d0        0x0 linker stubs

.v4_bx          0x00000000080072d0        0x0
 .v4_bx         0x00000000080072d0        0x0 linker stubs

.iplt           0x00000000080072d0        0x0
 .iplt          0x00000000080072d0        0x0 c:/st/stm32cubeide_1.1.0/stm32cubeide/plugins/com.st.stm32cube.ide.mcu.externaltools.gnu-tools-for-stm32.7-2018-q2-update.win32_1.5.0.202011040924/tools/bin/../lib/gcc/arm-none-eabi/7.3.1/thumb/v7e-m/fpv4-sp/hard/crtbegin.o

.rodata         0x00000000080072d0     0x10b0
                0x00000000080072d0                . = ALIGN (0x4)
 *(.rodata)
 .rodata        0x00000000080072d0       0x7e Core/Src/main.o
 *fill*         0x000000000800734e        0x2 
 .rodata        0x0000000008007350       0x2c Drivers/STM32WBxx_HAL_Driver/Src/stm32wbxx_hal_rcc.o
 *(.rodata*)
 .rodata.Font1206
                0x000000000800737c      0x474 Core/Src/er_oled.o
 .rodata.Font1608
                0x00000000080077f0      0x5f0 Core/Src/er_oled.o
 .rodata.Font3216
                0x0000000008007de0      0x2c0 Core/Src/er_oled.o
 .rodata.AHBPrescTable
                0x00000000080080a0       0x40 Core/Src/system_stm32wbxx.o
                0x00000000080080a0                AHBPrescTable
 .rodata.MSIRangeTable
                0x00000000080080e0       0x40 Core/Src/system_stm32wbxx.o
                0x00000000080080e0                MSIRangeTable
 .rodata._printf_float.str1.1
                0x0000000008008120       0x12 c:/st/stm32cubeide_1.1.0/stm32cubeide/plugins/com.st.stm32cube.ide.mcu.externaltools.gnu-tools-for-stm32.7-2018-q2-update.win32_1.5.0.202011040924/tools/bin/../lib/gcc/arm-none-eabi/7.3.1/../../../../arm-none-eabi/lib/thumb/v7e-m/fpv4-sp/hard\libc_nano.a(lib_a-nano-vfprintf_float.o)
 .rodata._printf_i.str1.1
                0x0000000008008132       0x22 c:/st/stm32cubeide_1.1.0/stm32cubeide/plugins/com.st.stm32cube.ide.mcu.externaltools.gnu-tools-for-stm32.7-2018-q2-update.win32_1.5.0.202011040924/tools/bin/../lib/gcc/arm-none-eabi/7.3.1/../../../../arm-none-eabi/lib/thumb/v7e-m/fpv4-sp/hard\libc_nano.a(lib_a-nano-vfprintf_i.o)
 .rodata._dtoa_r.str1.1
                0x0000000008008154        0xd c:/st/stm32cubeide_1.1.0/stm32cubeide/plugins/com.st.stm32cube.ide.mcu.externaltools.gnu-tools-for-stm32.7-2018-q2-update.win32_1.5.0.202011040924/tools/bin/../lib/gcc/arm-none-eabi/7.3.1/../../../../arm-none-eabi/lib/thumb/v7e-m/fpv4-sp/hard\libc_nano.a(lib_a-dtoa.o)
                                          0xf (size before relaxing)
 *fill*         0x0000000008008161        0x7 
 .rodata.__mprec_bigtens
                0x0000000008008168       0x28 c:/st/stm32cubeide_1.1.0/stm32cubeide/plugins/com.st.stm32cube.ide.mcu.externaltools.gnu-tools-for-stm32.7-2018-q2-update.win32_1.5.0.202011040924/tools/bin/../lib/gcc/arm-none-eabi/7.3.1/../../../../arm-none-eabi/lib/thumb/v7e-m/fpv4-sp/hard\libc_nano.a(lib_a-mprec.o)
                0x0000000008008168                __mprec_bigtens
 .rodata.__mprec_tens
                0x0000000008008190       0xc8 c:/st/stm32cubeide_1.1.0/stm32cubeide/plugins/com.st.stm32cube.ide.mcu.externaltools.gnu-tools-for-stm32.7-2018-q2-update.win32_1.5.0.202011040924/tools/bin/../lib/gcc/arm-none-eabi/7.3.1/../../../../arm-none-eabi/lib/thumb/v7e-m/fpv4-sp/hard\libc_nano.a(lib_a-mprec.o)
                0x0000000008008190                __mprec_tens
 .rodata.p05.7359
                0x0000000008008258        0xc c:/st/stm32cubeide_1.1.0/stm32cubeide/plugins/com.st.stm32cube.ide.mcu.externaltools.gnu-tools-for-stm32.7-2018-q2-update.win32_1.5.0.202011040924/tools/bin/../lib/gcc/arm-none-eabi/7.3.1/../../../../arm-none-eabi/lib/thumb/v7e-m/fpv4-sp/hard\libc_nano.a(lib_a-mprec.o)
 .rodata._svfprintf_r.str1.1
                0x0000000008008264       0x11 c:/st/stm32cubeide_1.1.0/stm32cubeide/plugins/com.st.stm32cube.ide.mcu.externaltools.gnu-tools-for-stm32.7-2018-q2-update.win32_1.5.0.202011040924/tools/bin/../lib/gcc/arm-none-eabi/7.3.1/../../../../arm-none-eabi/lib/thumb/v7e-m/fpv4-sp/hard\libc_nano.a(lib_a-nano-svfprintf.o)
 .rodata._setlocale_r.str1.1
                0x0000000008008275        0x8 c:/st/stm32cubeide_1.1.0/stm32cubeide/plugins/com.st.stm32cube.ide.mcu.externaltools.gnu-tools-for-stm32.7-2018-q2-update.win32_1.5.0.202011040924/tools/bin/../lib/gcc/arm-none-eabi/7.3.1/../../../../arm-none-eabi/lib/thumb/v7e-m/fpv4-sp/hard\libc_nano.a(lib_a-locale.o)
                                          0x9 (size before relaxing)
 .rodata.str1.1
                0x000000000800827d        0x2 c:/st/stm32cubeide_1.1.0/stm32cubeide/plugins/com.st.stm32cube.ide.mcu.externaltools.gnu-tools-for-stm32.7-2018-q2-update.win32_1.5.0.202011040924/tools/bin/../lib/gcc/arm-none-eabi/7.3.1/../../../../arm-none-eabi/lib/thumb/v7e-m/fpv4-sp/hard\libc_nano.a(lib_a-locale.o)
 .rodata._ctype_
                0x000000000800827f      0x101 c:/st/stm32cubeide_1.1.0/stm32cubeide/plugins/com.st.stm32cube.ide.mcu.externaltools.gnu-tools-for-stm32.7-2018-q2-update.win32_1.5.0.202011040924/tools/bin/../lib/gcc/arm-none-eabi/7.3.1/../../../../arm-none-eabi/lib/thumb/v7e-m/fpv4-sp/hard\libc_nano.a(lib_a-ctype_.o)
                0x000000000800827f                _ctype_
                0x0000000008008380                . = ALIGN (0x4)

.rel.dyn        0x0000000008008380        0x0
 .rel.iplt      0x0000000008008380        0x0 c:/st/stm32cubeide_1.1.0/stm32cubeide/plugins/com.st.stm32cube.ide.mcu.externaltools.gnu-tools-for-stm32.7-2018-q2-update.win32_1.5.0.202011040924/tools/bin/../lib/gcc/arm-none-eabi/7.3.1/thumb/v7e-m/fpv4-sp/hard/crtbegin.o

.ARM.extab
 *(.ARM.extab* .gnu.linkonce.armextab.*)

.ARM            0x0000000008008380        0x0
                0x0000000008008380                __exidx_start = .
 *(.ARM.exidx*)
                0x0000000008008380                __exidx_end = .

.preinit_array  0x0000000008008380        0x0
                0x0000000008008380                PROVIDE (__preinit_array_start = .)
 *(.preinit_array*)
                0x0000000008008380                PROVIDE (__preinit_array_end = .)

.init_array     0x0000000008008380        0x4
                0x0000000008008380                PROVIDE (__init_array_start = .)
 *(SORT_BY_NAME(.init_array.*))
 *(.init_array*)
 .init_array    0x0000000008008380        0x4 c:/st/stm32cubeide_1.1.0/stm32cubeide/plugins/com.st.stm32cube.ide.mcu.externaltools.gnu-tools-for-stm32.7-2018-q2-update.win32_1.5.0.202011040924/tools/bin/../lib/gcc/arm-none-eabi/7.3.1/thumb/v7e-m/fpv4-sp/hard/crtbegin.o
                0x0000000008008384                PROVIDE (__init_array_end = .)

.fini_array     0x0000000008008384        0x4
                [!provide]                        PROVIDE (__fini_array_start = .)
 *(SORT_BY_NAME(.fini_array.*))
 *(.fini_array*)
 .fini_array    0x0000000008008384        0x4 c:/st/stm32cubeide_1.1.0/stm32cubeide/plugins/com.st.stm32cube.ide.mcu.externaltools.gnu-tools-for-stm32.7-2018-q2-update.win32_1.5.0.202011040924/tools/bin/../lib/gcc/arm-none-eabi/7.3.1/thumb/v7e-m/fpv4-sp/hard/crtbegin.o
                [!provide]                        PROVIDE (__fini_array_end = .)
                0x0000000008008388                _sidata = LOADADDR (.data)

.data           0x0000000020000004      0x1dc load address 0x0000000008008388
                0x0000000020000004                . = ALIGN (0x4)
                0x0000000020000004                _sdata = .
 *(.data)
 *(.data*)
 .data.SystemCoreClock
                0x0000000020000004        0x4 Core/Src/system_stm32wbxx.o
                0x0000000020000004                SystemCoreClock
 .data.uwTickPrio
                0x0000000020000008        0x4 Drivers/STM32WBxx_HAL_Driver/Src/stm32wbxx_hal.o
                0x0000000020000008                uwTickPrio
 .data.uwTickFreq
                0x000000002000000c        0x1 Drivers/STM32WBxx_HAL_Driver/Src/stm32wbxx_hal.o
                0x000000002000000c                uwTickFreq
 *fill*         0x000000002000000d        0x3 
 .data._impure_ptr
                0x0000000020000010        0x4 c:/st/stm32cubeide_1.1.0/stm32cubeide/plugins/com.st.stm32cube.ide.mcu.externaltools.gnu-tools-for-stm32.7-2018-q2-update.win32_1.5.0.202011040924/tools/bin/../lib/gcc/arm-none-eabi/7.3.1/../../../../arm-none-eabi/lib/thumb/v7e-m/fpv4-sp/hard\libc_nano.a(lib_a-impure.o)
                0x0000000020000010                _impure_ptr
 .data.impure_data
                0x0000000020000014       0x60 c:/st/stm32cubeide_1.1.0/stm32cubeide/plugins/com.st.stm32cube.ide.mcu.externaltools.gnu-tools-for-stm32.7-2018-q2-update.win32_1.5.0.202011040924/tools/bin/../lib/gcc/arm-none-eabi/7.3.1/../../../../arm-none-eabi/lib/thumb/v7e-m/fpv4-sp/hard\libc_nano.a(lib_a-impure.o)
 .data.__global_locale
                0x0000000020000074      0x16c c:/st/stm32cubeide_1.1.0/stm32cubeide/plugins/com.st.stm32cube.ide.mcu.externaltools.gnu-tools-for-stm32.7-2018-q2-update.win32_1.5.0.202011040924/tools/bin/../lib/gcc/arm-none-eabi/7.3.1/../../../../arm-none-eabi/lib/thumb/v7e-m/fpv4-sp/hard\libc_nano.a(lib_a-locale.o)
                0x0000000020000074                __global_locale
 *(.RamFunc)
 *(.RamFunc*)
                0x00000000200001e0                . = ALIGN (0x4)
                0x00000000200001e0                _edata = .

.igot.plt       0x00000000200001e0        0x0 load address 0x0000000008008564
 .igot.plt      0x00000000200001e0        0x0 c:/st/stm32cubeide_1.1.0/stm32cubeide/plugins/com.st.stm32cube.ide.mcu.externaltools.gnu-tools-for-stm32.7-2018-q2-update.win32_1.5.0.202011040924/tools/bin/../lib/gcc/arm-none-eabi/7.3.1/thumb/v7e-m/fpv4-sp/hard/crtbegin.o
                0x00000000200001e0                . = ALIGN (0x4)

.bss            0x00000000200001e0       0xf0 load address 0x0000000008008564
                0x00000000200001e0                _sbss = .
                0x00000000200001e0                __bss_start__ = _sbss
 *(.bss)
 .bss           0x00000000200001e0       0x1c c:/st/stm32cubeide_1.1.0/stm32cubeide/plugins/com.st.stm32cube.ide.mcu.externaltools.gnu-tools-for-stm32.7-2018-q2-update.win32_1.5.0.202011040924/tools/bin/../lib/gcc/arm-none-eabi/7.3.1/thumb/v7e-m/fpv4-sp/hard/crtbegin.o
 *(.bss*)
 .bss.__sbrk_heap_end
                0x00000000200001fc        0x4 Core/Src/sysmem.o
 .bss.__malloc_free_list
                0x0000000020000200        0x4 c:/st/stm32cubeide_1.1.0/stm32cubeide/plugins/com.st.stm32cube.ide.mcu.externaltools.gnu-tools-for-stm32.7-2018-q2-update.win32_1.5.0.202011040924/tools/bin/../lib/gcc/arm-none-eabi/7.3.1/../../../../arm-none-eabi/lib/thumb/v7e-m/fpv4-sp/hard\libc_nano.a(lib_a-nano-mallocr.o)
                0x0000000020000200                __malloc_free_list
 .bss.__malloc_sbrk_start
                0x0000000020000204        0x4 c:/st/stm32cubeide_1.1.0/stm32cubeide/plugins/com.st.stm32cube.ide.mcu.externaltools.gnu-tools-for-stm32.7-2018-q2-update.win32_1.5.0.202011040924/tools/bin/../lib/gcc/arm-none-eabi/7.3.1/../../../../arm-none-eabi/lib/thumb/v7e-m/fpv4-sp/hard\libc_nano.a(lib_a-nano-mallocr.o)
                0x0000000020000204                __malloc_sbrk_start
 *(COMMON)
 COMMON         0x0000000020000208       0x10 Core/Src/dotstar.o
                0x0000000020000208                dotstar_state
 COMMON         0x0000000020000218       0xb0 Core/Src/main.o
                0x0000000020000218                hi2c1
                0x0000000020000264                hspi1
 COMMON         0x00000000200002c8        0x4 Drivers/STM32WBxx_HAL_Driver/Src/stm32wbxx_hal.o
                0x00000000200002c8                uwTick
 COMMON         0x00000000200002cc        0x4 c:/st/stm32cubeide_1.1.0/stm32cubeide/plugins/com.st.stm32cube.ide.mcu.externaltools.gnu-tools-for-stm32.7-2018-q2-update.win32_1.5.0.202011040924/tools/bin/../lib/gcc/arm-none-eabi/7.3.1/../../../../arm-none-eabi/lib/thumb/v7e-m/fpv4-sp/hard\libc_nano.a(lib_a-reent.o)
                0x00000000200002cc                errno
                0x00000000200002d0                . = ALIGN (0x4)
                0x00000000200002d0                _ebss = .
                0x00000000200002d0                __bss_end__ = _ebss

._user_heap_stack
                0x00000000200002d0      0x600 load address 0x0000000008008564
                0x00000000200002d0                . = ALIGN (0x8)
                [!provide]                        PROVIDE (end = .)
                0x00000000200002d0                PROVIDE (_end = .)
                0x00000000200004d0                . = (. + _Min_Heap_Size)
 *fill*         0x00000000200002d0      0x200 
                0x00000000200008d0                . = (. + _Min_Stack_Size)
 *fill*         0x00000000200004d0      0x400 
                0x00000000200008d0                . = ALIGN (0x8)

/DISCARD/
 libc.a(*)
 libm.a(*)
 libgcc.a(*)

.ARM.attributes
                0x0000000000000000       0x30
 *(.ARM.attributes)
 .ARM.attributes
                0x0000000000000000       0x22 c:/st/stm32cubeide_1.1.0/stm32cubeide/plugins/com.st.stm32cube.ide.mcu.externaltools.gnu-tools-for-stm32.7-2018-q2-update.win32_1.5.0.202011040924/tools/bin/../lib/gcc/arm-none-eabi/7.3.1/thumb/v7e-m/fpv4-sp/hard/crti.o
 .ARM.attributes
                0x0000000000000022       0x34 c:/st/stm32cubeide_1.1.0/stm32cubeide/plugins/com.st.stm32cube.ide.mcu.externaltools.gnu-tools-for-stm32.7-2018-q2-update.win32_1.5.0.202011040924/tools/bin/../lib/gcc/arm-none-eabi/7.3.1/thumb/v7e-m/fpv4-sp/hard/crtbegin.o
 .ARM.attributes
                0x0000000000000056       0x39 Core/Src/dotstar.o
 .ARM.attributes
                0x000000000000008f       0x39 Core/Src/er_oled.o
 .ARM.attributes
                0x00000000000000c8       0x39 Core/Src/main.o
 .ARM.attributes
                0x0000000000000101       0x39 Core/Src/si7021.o
 .ARM.attributes
                0x000000000000013a       0x39 Core/Src/stm32wbxx_hal_msp.o
 .ARM.attributes
                0x0000000000000173       0x39 Core/Src/stm32wbxx_it.o
 .ARM.attributes
                0x00000000000001ac       0x39 Core/Src/sysmem.o
 .ARM.attributes
                0x00000000000001e5       0x39 Core/Src/system_stm32wbxx.o
 .ARM.attributes
                0x000000000000021e       0x21 Core/Startup/startup_stm32wb55ceux.o
 .ARM.attributes
                0x000000000000023f       0x39 Drivers/STM32WBxx_HAL_Driver/Src/stm32wbxx_hal.o
 .ARM.attributes
                0x0000000000000278       0x39 Drivers/STM32WBxx_HAL_Driver/Src/stm32wbxx_hal_cortex.o
 .ARM.attributes
                0x00000000000002b1       0x39 Drivers/STM32WBxx_HAL_Driver/Src/stm32wbxx_hal_gpio.o
 .ARM.attributes
                0x00000000000002ea       0x39 Drivers/STM32WBxx_HAL_Driver/Src/stm32wbxx_hal_i2c.o
 .ARM.attributes
                0x0000000000000323       0x39 Drivers/STM32WBxx_HAL_Driver/Src/stm32wbxx_hal_i2c_ex.o
 .ARM.attributes
                0x000000000000035c       0x39 Drivers/STM32WBxx_HAL_Driver/Src/stm32wbxx_hal_pwr.o
 .ARM.attributes
                0x0000000000000395       0x39 Drivers/STM32WBxx_HAL_Driver/Src/stm32wbxx_hal_pwr_ex.o
 .ARM.attributes
                0x00000000000003ce       0x39 Drivers/STM32WBxx_HAL_Driver/Src/stm32wbxx_hal_rcc.o
 .ARM.attributes
                0x0000000000000407       0x39 Drivers/STM32WBxx_HAL_Driver/Src/stm32wbxx_hal_rcc_ex.o
 .ARM.attributes
                0x0000000000000440       0x39 Drivers/STM32WBxx_HAL_Driver/Src/stm32wbxx_hal_spi.o
 .ARM.attributes
                0x0000000000000479       0x34 c:/st/stm32cubeide_1.1.0/stm32cubeide/plugins/com.st.stm32cube.ide.mcu.externaltools.gnu-tools-for-stm32.7-2018-q2-update.win32_1.5.0.202011040924/tools/bin/../lib/gcc/arm-none-eabi/7.3.1/../../../../arm-none-eabi/lib/thumb/v7e-m/fpv4-sp/hard\libc_nano.a(lib_a-errno.o)
 .ARM.attributes
                0x00000000000004ad       0x34 c:/st/stm32cubeide_1.1.0/stm32cubeide/plugins/com.st.stm32cube.ide.mcu.externaltools.gnu-tools-for-stm32.7-2018-q2-update.win32_1.5.0.202011040924/tools/bin/../lib/gcc/arm-none-eabi/7.3.1/../../../../arm-none-eabi/lib/thumb/v7e-m/fpv4-sp/hard\libc_nano.a(lib_a-impure.o)
 .ARM.attributes
                0x00000000000004e1       0x34 c:/st/stm32cubeide_1.1.0/stm32cubeide/plugins/com.st.stm32cube.ide.mcu.externaltools.gnu-tools-for-stm32.7-2018-q2-update.win32_1.5.0.202011040924/tools/bin/../lib/gcc/arm-none-eabi/7.3.1/../../../../arm-none-eabi/lib/thumb/v7e-m/fpv4-sp/hard\libc_nano.a(lib_a-init.o)
 .ARM.attributes
                0x0000000000000515       0x34 c:/st/stm32cubeide_1.1.0/stm32cubeide/plugins/com.st.stm32cube.ide.mcu.externaltools.gnu-tools-for-stm32.7-2018-q2-update.win32_1.5.0.202011040924/tools/bin/../lib/gcc/arm-none-eabi/7.3.1/../../../../arm-none-eabi/lib/thumb/v7e-m/fpv4-sp/hard\libc_nano.a(lib_a-malloc.o)
 .ARM.attributes
                0x0000000000000549       0x34 c:/st/stm32cubeide_1.1.0/stm32cubeide/plugins/com.st.stm32cube.ide.mcu.externaltools.gnu-tools-for-stm32.7-2018-q2-update.win32_1.5.0.202011040924/tools/bin/../lib/gcc/arm-none-eabi/7.3.1/../../../../arm-none-eabi/lib/thumb/v7e-m/fpv4-sp/hard\libc_nano.a(lib_a-memset.o)
 .ARM.attributes
                0x000000000000057d       0x34 c:/st/stm32cubeide_1.1.0/stm32cubeide/plugins/com.st.stm32cube.ide.mcu.externaltools.gnu-tools-for-stm32.7-2018-q2-update.win32_1.5.0.202011040924/tools/bin/../lib/gcc/arm-none-eabi/7.3.1/../../../../arm-none-eabi/lib/thumb/v7e-m/fpv4-sp/hard\libc_nano.a(lib_a-nano-freer.o)
 .ARM.attributes
                0x00000000000005b1       0x34 c:/st/stm32cubeide_1.1.0/stm32cubeide/plugins/com.st.stm32cube.ide.mcu.externaltools.gnu-tools-for-stm32.7-2018-q2-update.win32_1.5.0.202011040924/tools/bin/../lib/gcc/arm-none-eabi/7.3.1/../../../../arm-none-eabi/lib/thumb/v7e-m/fpv4-sp/hard\libc_nano.a(lib_a-nano-mallocr.o)
 .ARM.attributes
                0x00000000000005e5       0x34 c:/st/stm32cubeide_1.1.0/stm32cubeide/plugins/com.st.stm32cube.ide.mcu.externaltools.gnu-tools-for-stm32.7-2018-q2-update.win32_1.5.0.202011040924/tools/bin/../lib/gcc/arm-none-eabi/7.3.1/../../../../arm-none-eabi/lib/thumb/v7e-m/fpv4-sp/hard\libc_nano.a(lib_a-nano-vfprintf_float.o)
 .ARM.attributes
                0x0000000000000619       0x34 c:/st/stm32cubeide_1.1.0/stm32cubeide/plugins/com.st.stm32cube.ide.mcu.externaltools.gnu-tools-for-stm32.7-2018-q2-update.win32_1.5.0.202011040924/tools/bin/../lib/gcc/arm-none-eabi/7.3.1/../../../../arm-none-eabi/lib/thumb/v7e-m/fpv4-sp/hard\libc_nano.a(lib_a-nano-vfprintf_i.o)
 .ARM.attributes
                0x000000000000064d       0x34 c:/st/stm32cubeide_1.1.0/stm32cubeide/plugins/com.st.stm32cube.ide.mcu.externaltools.gnu-tools-for-stm32.7-2018-q2-update.win32_1.5.0.202011040924/tools/bin/../lib/gcc/arm-none-eabi/7.3.1/../../../../arm-none-eabi/lib/thumb/v7e-m/fpv4-sp/hard\libc_nano.a(lib_a-sbrkr.o)
 .ARM.attributes
                0x0000000000000681       0x34 c:/st/stm32cubeide_1.1.0/stm32cubeide/plugins/com.st.stm32cube.ide.mcu.externaltools.gnu-tools-for-stm32.7-2018-q2-update.win32_1.5.0.202011040924/tools/bin/../lib/gcc/arm-none-eabi/7.3.1/../../../../arm-none-eabi/lib/thumb/v7e-m/fpv4-sp/hard\libc_nano.a(lib_a-sprintf.o)
 .ARM.attributes
                0x00000000000006b5       0x1b c:/st/stm32cubeide_1.1.0/stm32cubeide/plugins/com.st.stm32cube.ide.mcu.externaltools.gnu-tools-for-stm32.7-2018-q2-update.win32_1.5.0.202011040924/tools/bin/../lib/gcc/arm-none-eabi/7.3.1/../../../../arm-none-eabi/lib/thumb/v7e-m/fpv4-sp/hard\libc_nano.a(lib_a-strlen.o)
 .ARM.attributes
                0x00000000000006d0       0x34 c:/st/stm32cubeide_1.1.0/stm32cubeide/plugins/com.st.stm32cube.ide.mcu.externaltools.gnu-tools-for-stm32.7-2018-q2-update.win32_1.5.0.202011040924/tools/bin/../lib/gcc/arm-none-eabi/7.3.1/../../../../arm-none-eabi/lib/thumb/v7e-m/fpv4-sp/hard\libc_nano.a(lib_a-dtoa.o)
 .ARM.attributes
                0x0000000000000704       0x34 c:/st/stm32cubeide_1.1.0/stm32cubeide/plugins/com.st.stm32cube.ide.mcu.externaltools.gnu-tools-for-stm32.7-2018-q2-update.win32_1.5.0.202011040924/tools/bin/../lib/gcc/arm-none-eabi/7.3.1/../../../../arm-none-eabi/lib/thumb/v7e-m/fpv4-sp/hard\libc_nano.a(lib_a-localeconv.o)
 .ARM.attributes
                0x0000000000000738       0x20 c:/st/stm32cubeide_1.1.0/stm32cubeide/plugins/com.st.stm32cube.ide.mcu.externaltools.gnu-tools-for-stm32.7-2018-q2-update.win32_1.5.0.202011040924/tools/bin/../lib/gcc/arm-none-eabi/7.3.1/../../../../arm-none-eabi/lib/thumb/v7e-m/fpv4-sp/hard\libc_nano.a(lib_a-memchr.o)
 .ARM.attributes
                0x0000000000000758       0x34 c:/st/stm32cubeide_1.1.0/stm32cubeide/plugins/com.st.stm32cube.ide.mcu.externaltools.gnu-tools-for-stm32.7-2018-q2-update.win32_1.5.0.202011040924/tools/bin/../lib/gcc/arm-none-eabi/7.3.1/../../../../arm-none-eabi/lib/thumb/v7e-m/fpv4-sp/hard\libc_nano.a(lib_a-memcpy-stub.o)
 .ARM.attributes
                0x000000000000078c       0x34 c:/st/stm32cubeide_1.1.0/stm32cubeide/plugins/com.st.stm32cube.ide.mcu.externaltools.gnu-tools-for-stm32.7-2018-q2-update.win32_1.5.0.202011040924/tools/bin/../lib/gcc/arm-none-eabi/7.3.1/../../../../arm-none-eabi/lib/thumb/v7e-m/fpv4-sp/hard\libc_nano.a(lib_a-mlock.o)
 .ARM.attributes
                0x00000000000007c0       0x34 c:/st/stm32cubeide_1.1.0/stm32cubeide/plugins/com.st.stm32cube.ide.mcu.externaltools.gnu-tools-for-stm32.7-2018-q2-update.win32_1.5.0.202011040924/tools/bin/../lib/gcc/arm-none-eabi/7.3.1/../../../../arm-none-eabi/lib/thumb/v7e-m/fpv4-sp/hard\libc_nano.a(lib_a-mprec.o)
 .ARM.attributes
                0x00000000000007f4       0x34 c:/st/stm32cubeide_1.1.0/stm32cubeide/plugins/com.st.stm32cube.ide.mcu.externaltools.gnu-tools-for-stm32.7-2018-q2-update.win32_1.5.0.202011040924/tools/bin/../lib/gcc/arm-none-eabi/7.3.1/../../../../arm-none-eabi/lib/thumb/v7e-m/fpv4-sp/hard\libc_nano.a(lib_a-nano-callocr.o)
 .ARM.attributes
                0x0000000000000828       0x34 c:/st/stm32cubeide_1.1.0/stm32cubeide/plugins/com.st.stm32cube.ide.mcu.externaltools.gnu-tools-for-stm32.7-2018-q2-update.win32_1.5.0.202011040924/tools/bin/../lib/gcc/arm-none-eabi/7.3.1/../../../../arm-none-eabi/lib/thumb/v7e-m/fpv4-sp/hard\libc_nano.a(lib_a-nano-svfprintf.o)
 .ARM.attributes
                0x000000000000085c       0x34 c:/st/stm32cubeide_1.1.0/stm32cubeide/plugins/com.st.stm32cube.ide.mcu.externaltools.gnu-tools-for-stm32.7-2018-q2-update.win32_1.5.0.202011040924/tools/bin/../lib/gcc/arm-none-eabi/7.3.1/../../../../arm-none-eabi/lib/thumb/v7e-m/fpv4-sp/hard\libc_nano.a(lib_a-reent.o)
 .ARM.attributes
                0x0000000000000890       0x34 c:/st/stm32cubeide_1.1.0/stm32cubeide/plugins/com.st.stm32cube.ide.mcu.externaltools.gnu-tools-for-stm32.7-2018-q2-update.win32_1.5.0.202011040924/tools/bin/../lib/gcc/arm-none-eabi/7.3.1/../../../../arm-none-eabi/lib/thumb/v7e-m/fpv4-sp/hard\libc_nano.a(lib_a-locale.o)
 .ARM.attributes
                0x00000000000008c4       0x34 c:/st/stm32cubeide_1.1.0/stm32cubeide/plugins/com.st.stm32cube.ide.mcu.externaltools.gnu-tools-for-stm32.7-2018-q2-update.win32_1.5.0.202011040924/tools/bin/../lib/gcc/arm-none-eabi/7.3.1/../../../../arm-none-eabi/lib/thumb/v7e-m/fpv4-sp/hard\libc_nano.a(lib_a-mbtowc_r.o)
 .ARM.attributes
                0x00000000000008f8       0x34 c:/st/stm32cubeide_1.1.0/stm32cubeide/plugins/com.st.stm32cube.ide.mcu.externaltools.gnu-tools-for-stm32.7-2018-q2-update.win32_1.5.0.202011040924/tools/bin/../lib/gcc/arm-none-eabi/7.3.1/../../../../arm-none-eabi/lib/thumb/v7e-m/fpv4-sp/hard\libc_nano.a(lib_a-memmove.o)
 .ARM.attributes
                0x000000000000092c       0x34 c:/st/stm32cubeide_1.1.0/stm32cubeide/plugins/com.st.stm32cube.ide.mcu.externaltools.gnu-tools-for-stm32.7-2018-q2-update.win32_1.5.0.202011040924/tools/bin/../lib/gcc/arm-none-eabi/7.3.1/../../../../arm-none-eabi/lib/thumb/v7e-m/fpv4-sp/hard\libc_nano.a(lib_a-nano-reallocr.o)
 .ARM.attributes
                0x0000000000000960       0x34 c:/st/stm32cubeide_1.1.0/stm32cubeide/plugins/com.st.stm32cube.ide.mcu.externaltools.gnu-tools-for-stm32.7-2018-q2-update.win32_1.5.0.202011040924/tools/bin/../lib/gcc/arm-none-eabi/7.3.1/../../../../arm-none-eabi/lib/thumb/v7e-m/fpv4-sp/hard\libc_nano.a(lib_a-wctomb_r.o)
 .ARM.attributes
                0x0000000000000994       0x34 c:/st/stm32cubeide_1.1.0/stm32cubeide/plugins/com.st.stm32cube.ide.mcu.externaltools.gnu-tools-for-stm32.7-2018-q2-update.win32_1.5.0.202011040924/tools/bin/../lib/gcc/arm-none-eabi/7.3.1/../../../../arm-none-eabi/lib/thumb/v7e-m/fpv4-sp/hard\libc_nano.a(lib_a-ctype_.o)
 .ARM.attributes
                0x00000000000009c8       0x34 c:/st/stm32cubeide_1.1.0/stm32cubeide/plugins/com.st.stm32cube.ide.mcu.externaltools.gnu-tools-for-stm32.7-2018-q2-update.win32_1.5.0.202011040924/tools/bin/../lib/gcc/arm-none-eabi/7.3.1/../../../../arm-none-eabi/lib/thumb/v7e-m/fpv4-sp/hard\libc_nano.a(lib_a-nano-msizer.o)
 .ARM.attributes
                0x00000000000009fc       0x22 c:/st/stm32cubeide_1.1.0/stm32cubeide/plugins/com.st.stm32cube.ide.mcu.externaltools.gnu-tools-for-stm32.7-2018-q2-update.win32_1.5.0.202011040924/tools/bin/../lib/gcc/arm-none-eabi/7.3.1/thumb/v7e-m/fpv4-sp/hard\libgcc.a(_arm_addsubdf3.o)
 .ARM.attributes
                0x0000000000000a1e       0x22 c:/st/stm32cubeide_1.1.0/stm32cubeide/plugins/com.st.stm32cube.ide.mcu.externaltools.gnu-tools-for-stm32.7-2018-q2-update.win32_1.5.0.202011040924/tools/bin/../lib/gcc/arm-none-eabi/7.3.1/thumb/v7e-m/fpv4-sp/hard\libgcc.a(_arm_muldivdf3.o)
 .ARM.attributes
                0x0000000000000a40       0x22 c:/st/stm32cubeide_1.1.0/stm32cubeide/plugins/com.st.stm32cube.ide.mcu.externaltools.gnu-tools-for-stm32.7-2018-q2-update.win32_1.5.0.202011040924/tools/bin/../lib/gcc/arm-none-eabi/7.3.1/thumb/v7e-m/fpv4-sp/hard\libgcc.a(_arm_cmpdf2.o)
 .ARM.attributes
                0x0000000000000a62       0x22 c:/st/stm32cubeide_1.1.0/stm32cubeide/plugins/com.st.stm32cube.ide.mcu.externaltools.gnu-tools-for-stm32.7-2018-q2-update.win32_1.5.0.202011040924/tools/bin/../lib/gcc/arm-none-eabi/7.3.1/thumb/v7e-m/fpv4-sp/hard\libgcc.a(_arm_unorddf2.o)
 .ARM.attributes
                0x0000000000000a84       0x22 c:/st/stm32cubeide_1.1.0/stm32cubeide/plugins/com.st.stm32cube.ide.mcu.externaltools.gnu-tools-for-stm32.7-2018-q2-update.win32_1.5.0.202011040924/tools/bin/../lib/gcc/arm-none-eabi/7.3.1/thumb/v7e-m/fpv4-sp/hard\libgcc.a(_arm_fixdfsi.o)
 .ARM.attributes
                0x0000000000000aa6       0x22 c:/st/stm32cubeide_1.1.0/stm32cubeide/plugins/com.st.stm32cube.ide.mcu.externaltools.gnu-tools-for-stm32.7-2018-q2-update.win32_1.5.0.202011040924/tools/bin/../lib/gcc/arm-none-eabi/7.3.1/thumb/v7e-m/fpv4-sp/hard\libgcc.a(_arm_truncdfsf2.o)
 .ARM.attributes
                0x0000000000000ac8       0x22 c:/st/stm32cubeide_1.1.0/stm32cubeide/plugins/com.st.stm32cube.ide.mcu.externaltools.gnu-tools-for-stm32.7-2018-q2-update.win32_1.5.0.202011040924/tools/bin/../lib/gcc/arm-none-eabi/7.3.1/thumb/v7e-m/fpv4-sp/hard/crtn.o

MAPPING_TABLE
 *(MAPPING_TABLE)

MB_MEM1
 *(MB_MEM1)

MB_MEM2         0x0000000020030000        0x0
                0x0000000020030000                _sMB_MEM2 = .
 *(MB_MEM2)
                0x0000000020030000                _eMB_MEM2 = .
OUTPUT(si7021_example.elf elf32-littlearm)

.debug_info     0x0000000000000000    0x135a1
 .debug_info    0x0000000000000000     0x1465 Core/Src/dotstar.o
 .debug_info    0x0000000000001465     0x16af Core/Src/er_oled.o
 .debug_info    0x0000000000002b14     0x1fd8 Core/Src/main.o
 .debug_info    0x0000000000004aec      0xae9 Core/Src/si7021.o
 .debug_info    0x00000000000055d5     0x108a Core/Src/stm32wbxx_hal_msp.o
 .debug_info    0x000000000000665f      0x2b5 Core/Src/stm32wbxx_it.o
 .debug_info    0x0000000000006914      0x985 Core/Src/sysmem.o
 .debug_info    0x0000000000007299      0x7e0 Core/Src/system_stm32wbxx.o
 .debug_info    0x0000000000007a79       0x22 Core/Startup/startup_stm32wb55ceux.o
 .debug_info    0x0000000000007a9b     0x1353 Drivers/STM32WBxx_HAL_Driver/Src/stm32wbxx_hal.o
 .debug_info    0x0000000000008dee      0xe14 Drivers/STM32WBxx_HAL_Driver/Src/stm32wbxx_hal_cortex.o
 .debug_info    0x0000000000009c02      0x815 Drivers/STM32WBxx_HAL_Driver/Src/stm32wbxx_hal_gpio.o
 .debug_info    0x000000000000a417     0x21a2 Drivers/STM32WBxx_HAL_Driver/Src/stm32wbxx_hal_i2c.o
 .debug_info    0x000000000000c5b9      0xa43 Drivers/STM32WBxx_HAL_Driver/Src/stm32wbxx_hal_i2c_ex.o
 .debug_info    0x000000000000cffc      0xa0c Drivers/STM32WBxx_HAL_Driver/Src/stm32wbxx_hal_pwr.o
 .debug_info    0x000000000000da08     0x115e Drivers/STM32WBxx_HAL_Driver/Src/stm32wbxx_hal_pwr_ex.o
 .debug_info    0x000000000000eb66     0x157a Drivers/STM32WBxx_HAL_Driver/Src/stm32wbxx_hal_rcc.o
 .debug_info    0x00000000000100e0     0x1c9f Drivers/STM32WBxx_HAL_Driver/Src/stm32wbxx_hal_rcc_ex.o
 .debug_info    0x0000000000011d7f     0x1822 Drivers/STM32WBxx_HAL_Driver/Src/stm32wbxx_hal_spi.o

.debug_abbrev   0x0000000000000000     0x26ef
 .debug_abbrev  0x0000000000000000      0x2e4 Core/Src/dotstar.o
 .debug_abbrev  0x00000000000002e4      0x22f Core/Src/er_oled.o
 .debug_abbrev  0x0000000000000513      0x2e0 Core/Src/main.o
 .debug_abbrev  0x00000000000007f3      0x1bb Core/Src/si7021.o
 .debug_abbrev  0x00000000000009ae      0x1eb Core/Src/stm32wbxx_hal_msp.o
 .debug_abbrev  0x0000000000000b99       0xe2 Core/Src/stm32wbxx_it.o
 .debug_abbrev  0x0000000000000c7b      0x19b Core/Src/sysmem.o
 .debug_abbrev  0x0000000000000e16      0x163 Core/Src/system_stm32wbxx.o
 .debug_abbrev  0x0000000000000f79       0x12 Core/Startup/startup_stm32wb55ceux.o
 .debug_abbrev  0x0000000000000f8b      0x2df Drivers/STM32WBxx_HAL_Driver/Src/stm32wbxx_hal.o
 .debug_abbrev  0x000000000000126a      0x2f1 Drivers/STM32WBxx_HAL_Driver/Src/stm32wbxx_hal_cortex.o
 .debug_abbrev  0x000000000000155b      0x1d3 Drivers/STM32WBxx_HAL_Driver/Src/stm32wbxx_hal_gpio.o
 .debug_abbrev  0x000000000000172e      0x22a Drivers/STM32WBxx_HAL_Driver/Src/stm32wbxx_hal_i2c.o
 .debug_abbrev  0x0000000000001958      0x1bd Drivers/STM32WBxx_HAL_Driver/Src/stm32wbxx_hal_i2c_ex.o
 .debug_abbrev  0x0000000000001b15      0x1b9 Drivers/STM32WBxx_HAL_Driver/Src/stm32wbxx_hal_pwr.o
 .debug_abbrev  0x0000000000001cce      0x2d6 Drivers/STM32WBxx_HAL_Driver/Src/stm32wbxx_hal_pwr_ex.o
 .debug_abbrev  0x0000000000001fa4      0x24a Drivers/STM32WBxx_HAL_Driver/Src/stm32wbxx_hal_rcc.o
 .debug_abbrev  0x00000000000021ee      0x2d9 Drivers/STM32WBxx_HAL_Driver/Src/stm32wbxx_hal_rcc_ex.o
 .debug_abbrev  0x00000000000024c7      0x228 Drivers/STM32WBxx_HAL_Driver/Src/stm32wbxx_hal_spi.o

.debug_aranges  0x0000000000000000     0x1520
 .debug_aranges
                0x0000000000000000       0x98 Core/Src/dotstar.o
 .debug_aranges
                0x0000000000000098       0x80 Core/Src/er_oled.o
 .debug_aranges
                0x0000000000000118       0x68 Core/Src/main.o
 .debug_aranges
                0x0000000000000180       0x58 Core/Src/si7021.o
 .debug_aranges
                0x00000000000001d8       0x68 Core/Src/stm32wbxx_hal_msp.o
 .debug_aranges
                0x0000000000000240       0x60 Core/Src/stm32wbxx_it.o
 .debug_aranges
                0x00000000000002a0       0x20 Core/Src/sysmem.o
 .debug_aranges
                0x00000000000002c0       0x28 Core/Src/system_stm32wbxx.o
 .debug_aranges
                0x00000000000002e8       0x30 Core/Startup/startup_stm32wb55ceux.o
 .debug_aranges
                0x0000000000000318      0x280 Drivers/STM32WBxx_HAL_Driver/Src/stm32wbxx_hal.o
 .debug_aranges
                0x0000000000000598      0x108 Drivers/STM32WBxx_HAL_Driver/Src/stm32wbxx_hal_cortex.o
 .debug_aranges
                0x00000000000006a0       0x58 Drivers/STM32WBxx_HAL_Driver/Src/stm32wbxx_hal_gpio.o
 .debug_aranges
                0x00000000000006f8      0x290 Drivers/STM32WBxx_HAL_Driver/Src/stm32wbxx_hal_i2c.o
 .debug_aranges
                0x0000000000000988       0x48 Drivers/STM32WBxx_HAL_Driver/Src/stm32wbxx_hal_i2c_ex.o
 .debug_aranges
                0x00000000000009d0       0xd0 Drivers/STM32WBxx_HAL_Driver/Src/stm32wbxx_hal_pwr.o
 .debug_aranges
                0x0000000000000aa0      0x288 Drivers/STM32WBxx_HAL_Driver/Src/stm32wbxx_hal_pwr_ex.o
 .debug_aranges
                0x0000000000000d28      0x290 Drivers/STM32WBxx_HAL_Driver/Src/stm32wbxx_hal_rcc.o
 .debug_aranges
                0x0000000000000fb8      0x390 Drivers/STM32WBxx_HAL_Driver/Src/stm32wbxx_hal_rcc_ex.o
 .debug_aranges
                0x0000000000001348      0x1d8 Drivers/STM32WBxx_HAL_Driver/Src/stm32wbxx_hal_spi.o

.debug_ranges   0x0000000000000000     0x13f8
 .debug_ranges  0x0000000000000000       0x88 Core/Src/dotstar.o
 .debug_ranges  0x0000000000000088       0x70 Core/Src/er_oled.o
 .debug_ranges  0x00000000000000f8       0x58 Core/Src/main.o
 .debug_ranges  0x0000000000000150       0x48 Core/Src/si7021.o
 .debug_ranges  0x0000000000000198       0x58 Core/Src/stm32wbxx_hal_msp.o
 .debug_ranges  0x00000000000001f0       0x50 Core/Src/stm32wbxx_it.o
 .debug_ranges  0x0000000000000240       0x10 Core/Src/sysmem.o
 .debug_ranges  0x0000000000000250       0x18 Core/Src/system_stm32wbxx.o
 .debug_ranges  0x0000000000000268       0x28 Core/Startup/startup_stm32wb55ceux.o
 .debug_ranges  0x0000000000000290      0x270 Drivers/STM32WBxx_HAL_Driver/Src/stm32wbxx_hal.o
 .debug_ranges  0x0000000000000500       0xf8 Drivers/STM32WBxx_HAL_Driver/Src/stm32wbxx_hal_cortex.o
 .debug_ranges  0x00000000000005f8       0x48 Drivers/STM32WBxx_HAL_Driver/Src/stm32wbxx_hal_gpio.o
 .debug_ranges  0x0000000000000640      0x280 Drivers/STM32WBxx_HAL_Driver/Src/stm32wbxx_hal_i2c.o
 .debug_ranges  0x00000000000008c0       0x38 Drivers/STM32WBxx_HAL_Driver/Src/stm32wbxx_hal_i2c_ex.o
 .debug_ranges  0x00000000000008f8       0xc0 Drivers/STM32WBxx_HAL_Driver/Src/stm32wbxx_hal_pwr.o
 .debug_ranges  0x00000000000009b8      0x278 Drivers/STM32WBxx_HAL_Driver/Src/stm32wbxx_hal_pwr_ex.o
 .debug_ranges  0x0000000000000c30      0x280 Drivers/STM32WBxx_HAL_Driver/Src/stm32wbxx_hal_rcc.o
 .debug_ranges  0x0000000000000eb0      0x380 Drivers/STM32WBxx_HAL_Driver/Src/stm32wbxx_hal_rcc_ex.o
 .debug_ranges  0x0000000000001230      0x1c8 Drivers/STM32WBxx_HAL_Driver/Src/stm32wbxx_hal_spi.o

.debug_macro    0x0000000000000000    0x226ab
 .debug_macro   0x0000000000000000      0x332 Core/Src/dotstar.o
 .debug_macro   0x0000000000000332      0xa5a Core/Src/dotstar.o
 .debug_macro   0x0000000000000d8c      0x130 Core/Src/dotstar.o
 .debug_macro   0x0000000000000ebc       0x2e Core/Src/dotstar.o
 .debug_macro   0x0000000000000eea       0x2e Core/Src/dotstar.o
 .debug_macro   0x0000000000000f18       0x22 Core/Src/dotstar.o
 .debug_macro   0x0000000000000f3a       0x8e Core/Src/dotstar.o
 .debug_macro   0x0000000000000fc8       0x51 Core/Src/dotstar.o
 .debug_macro   0x0000000000001019       0xef Core/Src/dotstar.o
 .debug_macro   0x0000000000001108       0x6a Core/Src/dotstar.o
 .debug_macro   0x0000000000001172      0x1df Core/Src/dotstar.o
 .debug_macro   0x0000000000001351       0x1c Core/Src/dotstar.o
 .debug_macro   0x000000000000136d       0x22 Core/Src/dotstar.o
 .debug_macro   0x000000000000138f      0x101 Core/Src/dotstar.o
 .debug_macro   0x0000000000001490     0x1011 Core/Src/dotstar.o
 .debug_macro   0x00000000000024a1      0x11f Core/Src/dotstar.o
 .debug_macro   0x00000000000025c0    0x12acd Core/Src/dotstar.o
 .debug_macro   0x000000000001508d       0x42 Core/Src/dotstar.o
 .debug_macro   0x00000000000150cf     0x3461 Core/Src/dotstar.o
 .debug_macro   0x0000000000018530      0x174 Core/Src/dotstar.o
 .debug_macro   0x00000000000186a4       0x5a Core/Src/dotstar.o
 .debug_macro   0x00000000000186fe      0x3f5 Core/Src/dotstar.o
 .debug_macro   0x0000000000018af3      0x286 Core/Src/dotstar.o
 .debug_macro   0x0000000000018d79      0x30d Core/Src/dotstar.o
 .debug_macro   0x0000000000019086      0x17e Core/Src/dotstar.o
 .debug_macro   0x0000000000019204       0x43 Core/Src/dotstar.o
 .debug_macro   0x0000000000019247      0x236 Core/Src/dotstar.o
 .debug_macro   0x000000000001947d      0x24a Core/Src/dotstar.o
 .debug_macro   0x00000000000196c7      0x57b Core/Src/dotstar.o
 .debug_macro   0x0000000000019c42       0x1c Core/Src/dotstar.o
 .debug_macro   0x0000000000019c5e      0x100 Core/Src/dotstar.o
 .debug_macro   0x0000000000019d5e      0x137 Core/Src/dotstar.o
 .debug_macro   0x0000000000019e95      0x1ce Core/Src/dotstar.o
 .debug_macro   0x000000000001a063      0x22c Core/Src/dotstar.o
 .debug_macro   0x000000000001a28f       0x55 Core/Src/dotstar.o
 .debug_macro   0x000000000001a2e4       0xa5 Core/Src/dotstar.o
 .debug_macro   0x000000000001a389      0x381 Core/Src/dotstar.o
 .debug_macro   0x000000000001a70a      0x13e Core/Src/dotstar.o
 .debug_macro   0x000000000001a848      0x141 Core/Src/dotstar.o
 .debug_macro   0x000000000001a989      0x500 Core/Src/dotstar.o
 .debug_macro   0x000000000001ae89      0x874 Core/Src/dotstar.o
 .debug_macro   0x000000000001b6fd      0x259 Core/Src/dotstar.o
 .debug_macro   0x000000000001b956     0x1b24 Core/Src/dotstar.o
 .debug_macro   0x000000000001d47a       0xe4 Core/Src/dotstar.o
 .debug_macro   0x000000000001d55e      0x5dc Core/Src/dotstar.o
 .debug_macro   0x000000000001db3a      0x2fe Core/Src/dotstar.o
 .debug_macro   0x000000000001de38      0x557 Core/Src/dotstar.o